Component: ARM Compiler 5.06 update 4 (build 422) Tool: armlink [4d35d2]

==============================================================================

Section Cross References

    startup_stm32f10x_md.o(STACK) refers (Special) to heapauxi.o(.text) for __use_two_region_memory
    startup_stm32f10x_md.o(HEAP) refers (Special) to heapauxi.o(.text) for __use_two_region_memory
    startup_stm32f10x_md.o(RESET) refers (Special) to heapauxi.o(.text) for __use_two_region_memory
    startup_stm32f10x_md.o(RESET) refers to startup_stm32f10x_md.o(STACK) for __initial_sp
    startup_stm32f10x_md.o(RESET) refers to startup_stm32f10x_md.o(.text) for Reset_Handler
    startup_stm32f10x_md.o(RESET) refers to stm32f10x_it.o(i.NMI_Handler) for NMI_Handler
    startup_stm32f10x_md.o(RESET) refers to stm32f10x_it.o(i.HardFault_Handler) for HardFault_Handler
    startup_stm32f10x_md.o(RESET) refers to stm32f10x_it.o(i.MemManage_Handler) for MemManage_Handler
    startup_stm32f10x_md.o(RESET) refers to stm32f10x_it.o(i.BusFault_Handler) for BusFault_Handler
    startup_stm32f10x_md.o(RESET) refers to stm32f10x_it.o(i.UsageFault_Handler) for UsageFault_Handler
    startup_stm32f10x_md.o(RESET) refers to stm32f10x_it.o(i.SVC_Handler) for SVC_Handler
    startup_stm32f10x_md.o(RESET) refers to stm32f10x_it.o(i.DebugMon_Handler) for DebugMon_Handler
    startup_stm32f10x_md.o(RESET) refers to stm32f10x_it.o(i.PendSV_Handler) for PendSV_Handler
    startup_stm32f10x_md.o(RESET) refers to stm32f10x_it.o(i.SysTick_Handler) for SysTick_Handler
    startup_stm32f10x_md.o(RESET) refers to main.o(i.TIM1_UP_IRQHandler) for TIM1_UP_IRQHandler
    startup_stm32f10x_md.o(RESET) refers to main.o(i.TIM3_IRQHandler) for TIM3_IRQHandler
    startup_stm32f10x_md.o(RESET) refers to main.o(i.TIM4_IRQHandler) for TIM4_IRQHandler
    startup_stm32f10x_md.o(RESET) refers to main.o(i.USART1_IRQHandler) for USART1_IRQHandler
    startup_stm32f10x_md.o(RESET) refers to main.o(i.USART2_IRQHandler) for USART2_IRQHandler
    startup_stm32f10x_md.o(RESET) refers to main.o(i.EXTI15_10_IRQHandler) for EXTI15_10_IRQHandler
    startup_stm32f10x_md.o(.text) refers (Special) to heapauxi.o(.text) for __use_two_region_memory
    startup_stm32f10x_md.o(.text) refers to system_stm32f10x.o(i.SystemInit) for SystemInit
    startup_stm32f10x_md.o(.text) refers to __main.o(!!!main) for __main
    startup_stm32f10x_md.o(.text) refers to startup_stm32f10x_md.o(HEAP) for Heap_Mem
    startup_stm32f10x_md.o(.text) refers to startup_stm32f10x_md.o(STACK) for Stack_Mem
    system_stm32f10x.o(i.SetSysClock) refers to system_stm32f10x.o(i.SetSysClockTo72) for SetSysClockTo72
    system_stm32f10x.o(i.SystemCoreClockUpdate) refers to system_stm32f10x.o(.data) for SystemCoreClock
    system_stm32f10x.o(i.SystemInit) refers to system_stm32f10x.o(i.SetSysClock) for SetSysClock
    stm32f10x_adc.o(i.ADC_DeInit) refers to stm32f10x_rcc.o(i.RCC_APB2PeriphResetCmd) for RCC_APB2PeriphResetCmd
    stm32f10x_bkp.o(i.BKP_DeInit) refers to stm32f10x_rcc.o(i.RCC_BackupResetCmd) for RCC_BackupResetCmd
    stm32f10x_can.o(i.CAN_DeInit) refers to stm32f10x_rcc.o(i.RCC_APB1PeriphResetCmd) for RCC_APB1PeriphResetCmd
    stm32f10x_can.o(i.CAN_GetITStatus) refers to stm32f10x_can.o(i.CheckITStatus) for CheckITStatus
    stm32f10x_cec.o(i.CEC_DeInit) refers to stm32f10x_rcc.o(i.RCC_APB1PeriphResetCmd) for RCC_APB1PeriphResetCmd
    stm32f10x_dac.o(i.DAC_DeInit) refers to stm32f10x_rcc.o(i.RCC_APB1PeriphResetCmd) for RCC_APB1PeriphResetCmd
    stm32f10x_flash.o(i.FLASH_EnableWriteProtection) refers to stm32f10x_flash.o(i.FLASH_WaitForLastOperation) for FLASH_WaitForLastOperation
    stm32f10x_flash.o(i.FLASH_EraseAllBank1Pages) refers to stm32f10x_flash.o(i.FLASH_WaitForLastBank1Operation) for FLASH_WaitForLastBank1Operation
    stm32f10x_flash.o(i.FLASH_EraseAllPages) refers to stm32f10x_flash.o(i.FLASH_WaitForLastOperation) for FLASH_WaitForLastOperation
    stm32f10x_flash.o(i.FLASH_EraseOptionBytes) refers to stm32f10x_flash.o(i.FLASH_GetReadOutProtectionStatus) for FLASH_GetReadOutProtectionStatus
    stm32f10x_flash.o(i.FLASH_EraseOptionBytes) refers to stm32f10x_flash.o(i.FLASH_WaitForLastOperation) for FLASH_WaitForLastOperation
    stm32f10x_flash.o(i.FLASH_ErasePage) refers to stm32f10x_flash.o(i.FLASH_WaitForLastOperation) for FLASH_WaitForLastOperation
    stm32f10x_flash.o(i.FLASH_ProgramHalfWord) refers to stm32f10x_flash.o(i.FLASH_WaitForLastOperation) for FLASH_WaitForLastOperation
    stm32f10x_flash.o(i.FLASH_ProgramOptionByteData) refers to stm32f10x_flash.o(i.FLASH_WaitForLastOperation) for FLASH_WaitForLastOperation
    stm32f10x_flash.o(i.FLASH_ProgramWord) refers to stm32f10x_flash.o(i.FLASH_WaitForLastOperation) for FLASH_WaitForLastOperation
    stm32f10x_flash.o(i.FLASH_ReadOutProtection) refers to stm32f10x_flash.o(i.FLASH_WaitForLastOperation) for FLASH_WaitForLastOperation
[...]
    x$fpl$dnaninf                            0x08005cd0   Section      156  dnaninf.o(x$fpl$dnaninf)
    x$fpl$dretinf                            0x08005d6c   Section       12  dretinf.o(x$fpl$dretinf)
    x$fpl$drsb                               0x08005d78   Section       22  daddsub_clz.o(x$fpl$drsb)
    x$fpl$dsqrt                              0x08005d90   Section      460  dsqrt_noumaal.o(x$fpl$dsqrt)
    x$fpl$dsub                               0x08005f5c   Section      468  daddsub_clz.o(x$fpl$dsub)
    _dsub1                                   0x08005f6d   Thumb Code     0  daddsub_clz.o(x$fpl$dsub)
    x$fpl$f2d                                0x08006130   Section       86  f2d.o(x$fpl$f2d)
    x$fpl$fadd                               0x08006188   Section      196  faddsub_clz.o(x$fpl$fadd)
    _fadd1                                   0x08006197   Thumb Code     0  faddsub_clz.o(x$fpl$fadd)
    x$fpl$fcmpinf                            0x0800624c   Section       24  fcmpi.o(x$fpl$fcmpinf)
    x$fpl$fdiv                               0x08006264   Section      388  fdiv.o(x$fpl$fdiv)
    _fdiv1                                   0x08006265   Thumb Code     0  fdiv.o(x$fpl$fdiv)
    x$fpl$feqf                               0x080063e8   Section      104  feqf.o(x$fpl$feqf)
    x$fpl$ffix                               0x08006450   Section       54  ffix.o(x$fpl$ffix)
    x$fpl$ffixu                              0x08006488   Section       62  ffixu.o(x$fpl$ffixu)
    x$fpl$fflt                               0x080064c8   Section       48  fflt_clz.o(x$fpl$fflt)
    x$fpl$ffltu                              0x080064f8   Section       38  fflt_clz.o(x$fpl$ffltu)
    x$fpl$fleqf                              0x08006520   Section      104  fleqf.o(x$fpl$fleqf)
    x$fpl$fmul                               0x08006588   Section      258  fmul.o(x$fpl$fmul)
    x$fpl$fnaninf                            0x0800668a   Section      140  fnaninf.o(x$fpl$fnaninf)
    x$fpl$fretinf                            0x08006716   Section       10  fretinf.o(x$fpl$fretinf)
    x$fpl$frleqf                             0x08006720   Section       98  frleqf.o(x$fpl$frleqf)
    x$fpl$fsub                               0x08006784   Section      234  faddsub_clz.o(x$fpl$fsub)
    _fsub1                                   0x08006793   Thumb Code     0  faddsub_clz.o(x$fpl$fsub)
    x$fpl$retnan                             0x0800686e   Section      100  retnan.o(x$fpl$retnan)
    x$fpl$scalbn                             0x080068d2   Section       92  scalbn.o(x$fpl$scalbn)
    x$fpl$trapveneer                         0x0800692e   Section       48  trapv.o(x$fpl$trapveneer)
    x$fpl$usenofp                            0x0800695e   Section        0  usenofp.o(x$fpl$usenofp)
    .constdata                               0x08006960   Section       80  inv_mpu.o(.constdata)
    .constdata                               0x080069b0   Section     3062  inv_mpu_dmp_motion_driver.o(.constdata)
    dmp_memory                               0x080069b0   Data        3062  inv_mpu_dmp_motion_driver.o(.constdata)
    .constdata                               0x080075a6   Section     1520  oled.o(.constdata)
    .constdata                               0x08007b98   Section       80  asin.o(.constdata)
    pS                                       0x08007b98   Data          48  asin.o(.constdata)
    qS                                       0x08007bc8   Data          32  asin.o(.constdata)
    .constdata                               0x08007be8   Section      152  atan.o(.constdata)
    atanhi                                   0x08007be8   Data          32  atan.o(.constdata)
    atanlo                                   0x08007c08   Data          32  atan.o(.constdata)
    aTodd                                    0x08007c28   Data          40  atan.o(.constdata)
    aTeven                                   0x08007c50   Data          48  atan.o(.constdata)
    .constdata                               0x08007c80   Section        8  qnan.o(.constdata)
    .data                                    0x20000000   Section       20  system_stm32f10x.o(.data)
    .data                                    0x20000014   Section       20  stm32f10x_rcc.o(.data)
    APBAHBPrescTable                         0x20000014   Data          16  stm32f10x_rcc.o(.data)
    ADCPrescTable                            0x20000024   Data           4  stm32f10x_rcc.o(.data)
    .data                                    0x20000028   Section        4  delay.o(.data)
    fac_us                                   0x20000028   Data           1  delay.o(.data)
    fac_ms                                   0x2000002a   Data           2  delay.o(.data)
    .data                                    0x2000002c   Section       53  inv_mpu.o(.data)
    st                                       0x2000002c   Data          44  inv_mpu.o(.data)
    gyro_orientation                         0x20000058   Data           9  inv_mpu.o(.data)
    .data                                    0x20000064   Section       48  pid.o(.data)
    gyro_z_last                              0x20000090   Data           4  pid.o(.data)
    .data                                    0x20000094   Section        4  yb_protocol.o(.data)
    .data                                    0x20000098   Section      162  main.o(.data)
    .bss                                     0x2000013c   Section       16  inv_mpu_dmp_motion_driver.o(.bss)
    dmp                                      0x2000013c   Data          16  inv_mpu_dmp_motion_driver.o(.bss)
    .bss                                     0x2000014c   Section       70  yb_protocol.o(.bss)
    .bss                                     0x20000194   Section       60  main.o(.bss)
    .bss                                     0x200001d0   Section       96  libspace.o(.bss)
    HEAP                                     0x20000230   Section      512  startup_stm32f10x_md.o(HEAP)
    Heap_Mem                                 0x20000230   Data         512  startup_stm32f10x_md.o(HEAP)
    STACK                                    0x20000430   Section     1024  startup_stm32f10x_md.o(STACK)
    Stack_Mem                                0x20000430   Data        1024  startup_stm32f10x_md.o(STACK)
    __initial_sp                             0x20000830   Data           0  startup_stm32f10x_md.o(STACK)

    Global Symbols

    Symbol Name                              Value     Ov Type        Size  Object(Section)

    BuildAttributes$$THM_ISAv4$P$D$K$B$S$PE$A:L22UL41UL21$X:L11$S22US41US21$IEEE1$IW$USESV6$~STKCKD$USESV7$~SHL$OTIME$ROPI$IEEEX$EBA8$UX$STANDARDLIB$REQ8$PRES8$EABIv2 0x00000000   Number         0  anon$$obj.o ABSOLUTE
    __ARM_use_no_argv                        0x00000000   Number         0  main.o ABSOLUTE
    _printf_flags                            0x00000000   Number         0  printf_stubs.o ABSOLUTE
    _printf_return_value                     0x00000000   Number         0  printf_stubs.o ABSOLUTE
    _printf_sizespec                         0x00000000   Number         0  printf_stubs.o ABSOLUTE
    _printf_widthprec                        0x00000000   Number         0  printf_stubs.o ABSOLUTE
    __ARM_exceptions_init                     - Undefined Weak Reference
    __alloca_initialize                       - Undefined Weak Reference
    __arm_preinit_                            - Undefined Weak Reference
    __cpp_initialize__aeabi_                  - Undefined Weak Reference
    __cxa_finalize                            - Undefined Weak Reference
    __sigvec_lookup                           - Undefined Weak Reference
    _atexit_init                              - Undefined Weak Reference
    _call_atexit_fns                          - Undefined Weak Reference
    _clock_init                               - Undefined Weak Reference
    _fp_trap_init                             - Undefined Weak Reference
    _fp_trap_shutdown                         - Undefined Weak Reference
    _get_lc_collate                           - Undefined Weak Reference
    _get_lc_monetary                          - Undefined Weak Reference
    _get_lc_time                              - Undefined Weak Reference
    _getenv_init                              - Undefined Weak Reference
    _handle_redirection                       - Undefined Weak Reference
    _init_alloc                               - Undefined Weak Reference
    _init_user_alloc                          - Undefined Weak Reference
    _initio                                   - Undefined Weak Reference
    _printf_mbtowc                            - Undefined Weak Reference
    _printf_wc                                - Undefined Weak Reference
    _rand_init                                - Undefined Weak Reference
    _signal_finish                            - Undefined Weak Reference
    _signal_init                              - Undefined Weak Reference
    _terminate_alloc                          - Undefined Weak Reference
    _terminate_user_alloc                     - Undefined Weak Reference
    _terminateio                              - Undefined Weak Reference
    __Vectors_Size                           0x000000ec   Number         0  startup_stm32f10x_md.o ABSOLUTE
    __Vectors                                0x08000000   Data           4  startup_stm32f10x_md.o(RESET)
    __Vectors_End                            0x080000ec   Data           0  startup_stm32f10x_md.o(RESET)
    __main                                   0x080000ed   Thumb Code     8  __main.o(!!!main)
    __scatterload                            0x080000f5   Thumb Code     0  __scatter.o(!!!scatter)
    __scatterload_rt2                        0x080000f5   Thumb Code    44  __scatter.o(!!!scatter)
    __scatterload_rt2_thumb_only             0x080000f5   Thumb Code     0  __scatter.o(!!!scatter)
    __scatterload_null                       0x08000103   Thumb Code     0  __scatter.o(!!!scatter)
    __decompress                             0x08000129   Thumb Code    90  __dczerorl2.o(!!dczerorl2)
    __decompress1                            0x08000129   Thumb Code     0  __dczerorl2.o(!!dczerorl2)
    __scatterload_zeroinit                   0x08000185   Thumb Code    28  __scatter_zi.o(!!handler_zi)
    __rt_lib_init                            0x080001a1   Thumb Code     0  libinit.o(.ARM.Collect$$libinit$$00000000)
    __rt_lib_init_alloca_1                   0x080001a3   Thumb Code     0  libinit2.o(.ARM.Collect$$libinit$$0000002E)
    __rt_lib_init_argv_1                     0x080001a3   Thumb Code     0  libinit2.o(.ARM.Collect$$libinit$$0000002C)
    __rt_lib_init_atexit_1                   0x080001a3   Thumb Code     0  libinit2.o(.ARM.Collect$$libinit$$0000001B)
    __rt_lib_init_clock_1                    0x080001a3   Thumb Code     0  libinit2.o(.ARM.Collect$$libinit$$00000021)
    __rt_lib_init_cpp_1                      0x080001a3   Thumb Code     0  libinit2.o(.ARM.Collect$$libinit$$00000032)
    __rt_lib_init_exceptions_1               0x080001a3   Thumb Code     0  libinit2.o(.ARM.Collect$$libinit$$00000030)
    __rt_lib_init_fp_1                       0x080001a3   Thumb Code     0  libinit2.o(.ARM.Collect$$libinit$$00000002)
    __rt_lib_init_fp_trap_1                  0x080001a3   Thumb Code     0  libinit2.o(.ARM.Collect$$libinit$$0000001F)
    __rt_lib_init_getenv_1                   0x080001a3   Thumb Code     0  libinit2.o(.ARM.Collect$$libinit$$00000023)
    __rt_lib_init_heap_1                     0x080001a3   Thumb Code     0  libinit2.o(.ARM.Collect$$libinit$$0000000A)
    __rt_lib_init_lc_collate_1               0x080001a3   Thumb Code     0  libinit2.o(.ARM.Collect$$libinit$$00000011)
    __rt_lib_init_lc_ctype_1                 0x080001a3   Thumb Code     0  libinit2.o(.ARM.Collect$$libinit$$00000013)
    __rt_lib_init_lc_monetary_1              0x080001a3   Thumb Code     0  libinit2.o(.ARM.Collect$$libinit$$00000015)
    __rt_lib_init_lc_numeric_1               0x080001a3   Thumb Code     0  libinit2.o(.ARM.Collect$$libinit$$00000017)
    __rt_lib_init_lc_time_1                  0x080001a3   Thumb Code     0  libinit2.o(.ARM.Collect$$libinit$$00000019)
    __rt_lib_init_preinit_1                  0x080001a3   Thumb Code     0  libinit2.o(.ARM.Collect$$libinit$$00000004)
    __rt_lib_init_rand_1                     0x080001a3   Thumb Code     0  libinit2.o(.ARM.Collect$$libinit$$0000000E)
    __rt_lib_init_return                     0x080001a3   Thumb Code     0  libinit2.o(.ARM.Collect$$libinit$$00000033)
    __rt_lib_init_signal_1                   0x080001a3   Thumb Code     0  libinit2.o(.ARM.Collect$$libinit$$0000001D)
    __rt_lib_init_stdio_1                    0x080001a3   Thumb Code     0  libinit2.o(.ARM.Collect$$libinit$$00000025)
    __rt_lib_init_user_alloc_1               0x080001a3   Thumb Code     0  libinit2.o(.ARM.Collect$$libinit$$0000000C)
    __rt_lib_shutdown                        0x080001a5   Thumb Code     0  libshutdown.o(.ARM.Collect$$libshutdown$$00000000)
    __rt_lib_shutdown_cpp_1                  0x080001a7   Thumb Code     0  libshutdown2.o(.ARM.Collect$$libshutdown$$00000002)
    __rt_lib_shutdown_fp_trap_1              0x080001a7   Thumb Code     0  libshutdown2.o(.ARM.Collect$$libshutdown$$00000007)
    __rt_lib_shutdown_heap_1                 0x080001a7   Thumb Code     0  libshutdown2.o(.ARM.Collect$$libshutdown$$0000000F)
    __rt_lib_shutdown_return                 0x080001a7   Thumb Code     0  libshutdown2.o(.ARM.Collect$$libshutdown$$00000010)
    __rt_lib_shutdown_signal_1               0x080001a7   Thumb Code     0  libshutdown2.o(.ARM.Collect$$libshutdown$$0000000A)
    __rt_lib_shutdown_stdio_1                0x080001a7   Thumb Code     0  libshutdown2.o(.ARM.Collect$$libshutdown$$00000004)
    __rt_lib_shutdown_user_alloc_1           0x080001a7   Thumb Code     0  libshutdown2.o(.ARM.Collect$$libshutdown$$0000000C)
    __rt_entry                               0x080001a9   Thumb Code     0  __rtentry.o(.ARM.Collect$$rtentry$$00000000)
    __rt_entry_presh_1                       0x080001a9   Thumb Code     0  __rtentry2.o(.ARM.Collect$$rtentry$$00000002)
    __rt_entry_sh                            0x080001a9   Thumb Code     0  __rtentry4.o(.ARM.Collect$$rtentry$$00000004)
    __rt_entry_li                            0x080001af   Thumb Code     0  __rtentry2.o(.ARM.Collect$$rtentry$$0000000A)
    __rt_entry_postsh_1                      0x080001af   Thumb Code     0  __rtentry2.o(.ARM.Collect$$rtentry$$00000009)
    __rt_entry_main                          0x080001b3   Thumb Code     0  __rtentry2.o(.ARM.Collect$$rtentry$$0000000D)
    __rt_entry_postli_1                      0x080001b3   Thumb Code     0  __rtentry2.o(.ARM.Collect$$rtentry$$0000000C)
    __rt_exit                                0x080001bb   Thumb Code     0  rtexit.o(.ARM.Collect$$rtexit$$00000000)
    __rt_exit_ls                             0x080001bd   Thumb Code     0  rtexit2.o(.ARM.Collect$$rtexit$$00000003)
    __rt_exit_prels_1                        0x080001bd   Thumb Code     0  rtexit2.o(.ARM.Collect$$rtexit$$00000002)
    __rt_exit_exit                           0x080001c1   Thumb Code     0  rtexit2.o(.ARM.Collect$$rtexit$$00000004)
    Reset_Handler                            0x080001c9   Thumb Code     8  startup_stm32f10x_md.o(.text)
    ADC1_2_IRQHandler                        0x080001e3   Thumb Code     0  startup_stm32f10x_md.o(.text)
    CAN1_RX1_IRQHandler                      0x080001e3   Thumb Code     0  startup_stm32f10x_md.o(.text)
    CAN1_SCE_IRQHandler                      0x080001e3   Thumb Code     0  startup_stm32f10x_md.o(.text)
    DMA1_Channel1_IRQHandler                 0x080001e3   Thumb Code     0  startup_stm32f10x_md.o(.text)
    DMA1_Channel2_IRQHandler                 0x080001e3   Thumb Code     0  startup_stm32f10x_md.o(.text)
    DMA1_Channel3_IRQHandler                 0x080001e3   Thumb Code     0  startup_stm32f10x_md.o(.text)
    DMA1_Channel4_IRQHandler                 0x080001e3   Thumb Code     0  startup_stm32f10x_md.o(.text)
    DMA1_Channel5_IRQHandler                 0x080001e3   Thumb Code     0  startup_stm32f10x_md.o(.text)
    DMA1_Channel6_IRQHandler                 0x080001e3   Thumb Code     0  startup_stm32f10x_md.o(.text)
    DMA1_Channel7_IRQHandler                 0x080001e3   Thumb Code     0  startup_stm32f10x_md.o(.text)
    EXTI0_IRQHandler                         0x080001e3   Thumb Code     0  startup_stm32f10x_md.o(.text)
    EXTI1_IRQHandler                         0x080001e3   Thumb Code     0  startup_stm32f10x_md.o(.text)
    EXTI2_IRQHandler                         0x080001e3   Thumb Code     0  startup_stm32f10x_md.o(.text)
    EXTI3_IRQHandler                         0x080001e3   Thumb Code     0  startup_stm32f10x_md.o(.text)
    EXTI4_IRQHandler                         0x080001e3   Thumb Code     0  startup_stm32f10x_md.o(.text)
    EXTI9_5_IRQHandler                       0x080001e3   Thumb Code     0  startup_stm32f10x_md.o(.text)
    FLASH_IRQHandler                         0x080001e3   Thumb Code     0  startup_stm32f10x_md.o(.text)
    I2C1_ER_IRQHandler                       0x080001e3   Thumb Code     0  startup_stm32f10x_md.o(.text)
    I2C1_EV_IRQHandler                       0x080001e3   Thumb Code     0  startup_stm32f10x_md.o(.text)
    I2C2_ER_IRQHandler                       0x080001e3   Thumb Code     0  startup_stm32f10x_md.o(.text)
    I2C2_EV_IRQHandler                       0x080001e3   Thumb Code     0  startup_stm32f10x_md.o(.text)
    PVD_IRQHandler                           0x080001e3   Thumb Code     0  startup_stm32f10x_md.o(.text)
    RCC_IRQHandler                           0x080001e3   Thumb Code     0  startup_stm32f10x_md.o(.text)
    RTCAlarm_IRQHandler                      0x080001e3   Thumb Code     0  startup_stm32f10x_md.o(.text)
    RTC_IRQHandler                           0x080001e3   Thumb Code     0  startup_stm32f10x_md.o(.text)
    SPI1_IRQHandler                          0x080001e3   Thumb Code     0  startup_stm32f10x_md.o(.text)
    SPI2_IRQHandler                          0x080001e3   Thumb Code     0  startup_stm32f10x_md.o(.text)
    TAMPER_IRQHandler                        0x080001e3   Thumb Code     0  startup_stm32f10x_md.o(.text)
    TIM1_BRK_IRQHandler                      0x080001e3   Thumb Code     0  startup_stm32f10x_md.o(.text)
    TIM1_CC_IRQHandler                       0x080001e3   Thumb Code     0  startup_stm32f10x_md.o(.text)
    TIM1_TRG_COM_IRQHandler                  0x080001e3   Thumb Code     0  startup_stm32f10x_md.o(.text)
    TIM2_IRQHandler                          0x080001e3   Thumb Code     0  startup_stm32f10x_md.o(.text)
    USART3_IRQHandler                        0x080001e3   Thumb Code     0  startup_stm32f10x_md.o(.text)
    USBWakeUp_IRQHandler                     0x080001e3   Thumb Code     0  startup_stm32f10x_md.o(.text)
    USB_HP_CAN1_TX_IRQHandler                0x080001e3   Thumb Code     0  startup_stm32f10x_md.o(.text)
    USB_LP_CAN1_RX0_IRQHandler               0x080001e3   Thumb Code     0  startup_stm32f10x_md.o(.text)
    WWDG_IRQHandler                          0x080001e3   Thumb Code     0  startup_stm32f10x_md.o(.text)
    __user_initial_stackheap                 0x080001e5   Thumb Code     0  startup_stm32f10x_md.o(.text)
    __aeabi_ldivmod                          0x08000209   Thumb Code     0  llsdiv.o(.text)
    _ll_sdiv                                 0x08000209   Thumb Code    72  llsdiv.o(.text)
    memcmp                                   0x08000251   Thumb Code    88  memcmp.o(.text)
    __aeabi_memset                           0x080002a9   Thumb Code    16  aeabi_memset.o(.text)
    __aeabi_memclr4                          0x080002b9   Thumb Code     0  rt_memclr_w.o(.text)
    __aeabi_memclr8                          0x080002b9   Thumb Code     0  rt_memclr_w.o(.text)
    __rt_memclr_w                            0x080002b9   Thumb Code    78  rt_memclr_w.o(.text)
    _memset_w                                0x080002bd   Thumb Code     0  rt_memclr_w.o(.text)
    __use_two_region_memory                  0x08000307   Thumb Code     2  heapauxi.o(.text)
    __rt_heap_escrow$2region                 0x08000309   Thumb Code     2  heapauxi.o(.text)
    __rt_heap_expand$2region                 0x0800030b   Thumb Code     2  heapauxi.o(.text)
    __aeabi_errno_addr                       0x0800030d   Thumb Code     8  rt_errno_addr_intlibspace.o(.text)
    __errno$intlibspace                      0x0800030d   Thumb Code     0  rt_errno_addr_intlibspace.o(.text)
    __rt_errno_addr$intlibspace              0x0800030d   Thumb Code     0  rt_errno_addr_intlibspace.o(.text)
    __aeabi_uldivmod                         0x08000315   Thumb Code     0  lludivv7m.o(.text)
    _ll_udiv                                 0x08000315   Thumb Code   238  lludivv7m.o(.text)
    __read_errno                             0x08000403   Thumb Code    10  _rserrno.o(.text)
    __set_errno                              0x0800040d   Thumb Code    12  _rserrno.o(.text)
    __aeabi_memclr                           0x08000419   Thumb Code     0  rt_memclr.o(.text)
    __rt_memclr                              0x08000419   Thumb Code    68  rt_memclr.o(.text)
    _memset                                  0x0800041d   Thumb Code     0  rt_memclr.o(.text)
    __user_libspace                          0x0800045d   Thumb Code     8  libspace.o(.text)
    __user_perproc_libspace                  0x0800045d   Thumb Code     0  libspace.o(.text)
    __user_perthread_libspace                0x0800045d   Thumb Code     0  libspace.o(.text)
    __user_setup_stackheap                   0x08000465   Thumb Code    74  sys_stackheap_outer.o(.text)
    exit                                     0x080004af   Thumb Code    18  exit.o(.text)
    _sys_exit                                0x080004c1   Thumb Code     8  sys_exit.o(.text)
    __I$use$semihosting                      0x080004cd   Thumb Code     0  use_no_semi.o(.text)
    __use_no_semihosting_swi                 0x080004cd   Thumb Code     2  use_no_semi.o(.text)
    __semihosting_library_function           0x080004cf   Thumb Code     0  indicate_semi.o(.text)
    AIN1_reset                               0x080004d1   Thumb Code    14  timer.o(i.AIN1_reset)
    AIN2_set                                 0x080004e5   Thumb Code    14  timer.o(i.AIN2_set)
    BIN1_set                                 0x080004f9   Thumb Code    14  timer.o(i.BIN1_set)
    BIN2_reset                               0x0800050d   Thumb Code    14  timer.o(i.BIN2_reset)
    BusFault_Handler                         0x08000521   Thumb Code     4  stm32f10x_it.o(i.BusFault_Handler)
    DebugMon_Handler                         0x08000525   Thumb Code     2  stm32f10x_it.o(i.DebugMon_Handler)
    EXTI15_10_IRQHandler                     0x08000529   Thumb Code   238  main.o(i.EXTI15_10_IRQHandler)
    EXTI_ClearITPendingBit                   0x08000655   Thumb Code     6  stm32f10x_exti.o(i.EXTI_ClearITPendingBit)
    EXTI_Init                                0x08000661   Thumb Code   142  stm32f10x_exti.o(i.EXTI_Init)
    GPIO_EXTILineConfig                      0x080006f5   Thumb Code    60  stm32f10x_gpio.o(i.GPIO_EXTILineConfig)
    GPIO_Init                                0x08000735   Thumb Code   278  stm32f10x_gpio.o(i.GPIO_Init)
    GPIO_Motor_init                          0x0800084d   Thumb Code    76  timer.o(i.GPIO_Motor_init)
    GPIO_ResetBits                           0x080008a1   Thumb Code     4  stm32f10x_gpio.o(i.GPIO_ResetBits)
    GPIO_SetBits                             0x080008a5   Thumb Code     4  stm32f10x_gpio.o(i.GPIO_SetBits)
    GPIO_WriteBit                            0x080008a9   Thumb Code    10  stm32f10x_gpio.o(i.GPIO_WriteBit)
    HardFault_Handler                        0x080008b3   Thumb Code     4  stm32f10x_it.o(i.HardFault_Handler)
    K230_Init                                0x080008b9   Thumb Code   166  usart_car.o(i.K230_Init)
    Limiting_motor                           0x08000969   Thumb Code    74  timer.o(i.Limiting_motor)
    MPU6050_DMP_Get_Data                     0x080009c1   Thumb Code   532  inv_mpu.o(i.MPU6050_DMP_Get_Data)
    MPU6050_DMP_Init                         0x08000bd9   Thumb Code    74  inv_mpu.o(i.MPU6050_DMP_Init)
    MPU6050_IIC_IO_Init                      0x08000c29   Thumb Code    32  mpu6050_i2c.o(i.MPU6050_IIC_IO_Init)
    MPU6050_IIC_Read_Ack                     0x08000c55   Thumb Code    72  mpu6050_i2c.o(i.MPU6050_IIC_Read_Ack)
    MPU6050_IIC_Read_Byte                    0x08000ca5   Thumb Code    86  mpu6050_i2c.o(i.MPU6050_IIC_Read_Byte)
    MPU6050_IIC_SDA_IO_IN                    0x08000d05   Thumb Code    22  mpu6050_i2c.o(i.MPU6050_IIC_SDA_IO_IN)
    MPU6050_IIC_SDA_IO_OUT                   0x08000d21   Thumb Code    20  mpu6050_i2c.o(i.MPU6050_IIC_SDA_IO_OUT)
    MPU6050_IIC_Send_Ack                     0x08000d39   Thumb Code    48  mpu6050_i2c.o(i.MPU6050_IIC_Send_Ack)
    MPU6050_IIC_Send_Byte                    0x08000d71   Thumb Code    90  mpu6050_i2c.o(i.MPU6050_IIC_Send_Byte)
    MPU6050_IIC_Start                        0x08000dd5   Thumb Code    46  mpu6050_i2c.o(i.MPU6050_IIC_Start)
    MPU6050_IIC_Stop                         0x08000e0d   Thumb Code    52  mpu6050_i2c.o(i.MPU6050_IIC_Stop)
    MPU_exti_init                            0x08000e49   Thumb Code   118  timer.o(i.MPU_exti_init)
    MemManage_Handler                        0x08000ec5   Thumb Code     4  stm32f10x_it.o(i.MemManage_Handler)
    My_GPIO_Init                             0x08000ec9   Thumb Code   172  sys.o(i.My_GPIO_Init)
    NMI_Handler                              0x08000f79   Thumb Code     2  stm32f10x_it.o(i.NMI_Handler)
    NVIC_Init                                0x08000f7d   Thumb Code   100  misc.o(i.NVIC_Init)
    NVIC_PriorityGroupConfig                 0x08000fed   Thumb Code    10  misc.o(i.NVIC_PriorityGroupConfig)
    OLED_Clear                               0x08001001   Thumb Code    42  oled.o(i.OLED_Clear)
    OLED_I2C_Init                            0x0800102d   Thumb Code    76  oled.o(i.OLED_I2C_Init)
    OLED_I2C_SendByte                        0x0800107d   Thumb Code    80  oled.o(i.OLED_I2C_SendByte)
    OLED_I2C_Start                           0x080010d1   Thumb Code    48  oled.o(i.OLED_I2C_Start)
    OLED_I2C_Stop                            0x08001105   Thumb Code    36  oled.o(i.OLED_I2C_Stop)
    OLED_Init                                0x0800112d   Thumb Code   172  oled.o(i.OLED_Init)
    OLED_Pow                                 0x080011d9   Thumb Code    20  oled.o(i.OLED_Pow)
    OLED_SetCursor                           0x080011ed   Thumb Code    34  oled.o(i.OLED_SetCursor)
    OLED_ShowChar                            0x08001211   Thumb Code   110  oled.o(i.OLED_ShowChar)
    OLED_ShowNum                             0x08001285   Thumb Code    68  oled.o(i.OLED_ShowNum)
    OLED_ShowString                          0x080012c9   Thumb Code    40  oled.o(i.OLED_ShowString)
    OLED_WriteCommand                        0x080012f1   Thumb Code    32  oled.o(i.OLED_WriteCommand)
    OLED_WriteData                           0x08001311   Thumb Code    32  oled.o(i.OLED_WriteData)
    PID_Position_Calculate                   0x08001331   Thumb Code   164  pid.o(i.PID_Position_Calculate)
    PID_init                                 0x080013d5   Thumb Code    30  pid.o(i.PID_init)
    PWM_Init                                 0x080013f5   Thumb Code   192  timer.o(i.PWM_Init)
    PWM_SetCompare1                          0x080014b9   Thumb Code    16  timer.o(i.PWM_SetCompare1)
    PWM_SetCompare2                          0x080014c9   Thumb Code    16  timer.o(i.PWM_SetCompare2)
    PendSV_Handler                           0x080014d9   Thumb Code     2  stm32f10x_it.o(i.PendSV_Handler)
    RCC_APB1PeriphClockCmd                   0x080014dd   Thumb Code    26  stm32f10x_rcc.o(i.RCC_APB1PeriphClockCmd)
    RCC_APB2PeriphClockCmd                   0x080014fd   Thumb Code    26  stm32f10x_rcc.o(i.RCC_APB2PeriphClockCmd)
    RCC_GetClocksFreq                        0x0800151d   Thumb Code   192  stm32f10x_rcc.o(i.RCC_GetClocksFreq)
    Read_Encoder3                            0x080015f1   Thumb Code    22  timer.o(i.Read_Encoder3)
    Read_Encoder4                            0x0800160d   Thumb Code    22  timer.o(i.Read_Encoder4)
    SVC_Handler                              0x08001629   Thumb Code     2  stm32f10x_it.o(i.SVC_Handler)
    Serial_Init                              0x0800162d   Thumb Code   176  usart_car.o(i.Serial_Init)
    SysTick_CLKSourceConfig                  0x080017cd   Thumb Code    40  misc.o(i.SysTick_CLKSourceConfig)
    SysTick_Handler                          0x080017f5   Thumb Code     2  stm32f10x_it.o(i.SysTick_Handler)
    SystemInit                               0x080017f9   Thumb Code    78  system_stm32f10x.o(i.SystemInit)
    TIM1_Init                                0x08001a99   Thumb Code    98  timer.o(i.TIM1_Init)
    TIM1_UP_IRQHandler                       0x08001b01   Thumb Code   500  main.o(i.TIM1_UP_IRQHandler)
    TIM3_IRQHandler                          0x08001d39   Thumb Code    72  main.o(i.TIM3_IRQHandler)
    TIM4_IRQHandler                          0x08001d89   Thumb Code    72  main.o(i.TIM4_IRQHandler)
    TIM_ClearITPendingBit                    0x08001dd9   Thumb Code     6  stm32f10x_tim.o(i.TIM_ClearITPendingBit)
    TIM_Cmd                                  0x08001ddf   Thumb Code    24  stm32f10x_tim.o(i.TIM_Cmd)
    TIM_EncoderInterfaceConfig               0x08001df7   Thumb Code    66  stm32f10x_tim.o(i.TIM_EncoderInterfaceConfig)
    TIM_GetCounter                           0x08001e39   Thumb Code     6  stm32f10x_tim.o(i.TIM_GetCounter)
    TIM_GetITStatus                          0x08001e3f   Thumb Code    34  stm32f10x_tim.o(i.TIM_GetITStatus)
    TIM_ICInit                               0x08001e61   Thumb Code   150  stm32f10x_tim.o(i.TIM_ICInit)
    TIM_ICStructInit                         0x08001f0d   Thumb Code    18  stm32f10x_tim.o(i.TIM_ICStructInit)
    TIM_ITConfig                             0x08001f1f   Thumb Code    18  stm32f10x_tim.o(i.TIM_ITConfig)
    TIM_InternalClockConfig                  0x08001f31   Thumb Code    12  stm32f10x_tim.o(i.TIM_InternalClockConfig)
    TIM_OC1Init                              0x08001f3d   Thumb Code   132  stm32f10x_tim.o(i.TIM_OC1Init)
    TIM_OC1PreloadConfig                     0x08001fd5   Thumb Code    18  stm32f10x_tim.o(i.TIM_OC1PreloadConfig)
    TIM_OC2Init                              0x08001fe9   Thumb Code   154  stm32f10x_tim.o(i.TIM_OC2Init)
    TIM_OC2PreloadConfig                     0x0800208d   Thumb Code    26  stm32f10x_tim.o(i.TIM_OC2PreloadConfig)
    TIM_OCStructInit                         0x080020a7   Thumb Code    20  stm32f10x_tim.o(i.TIM_OCStructInit)
    TIM_SetCompare1                          0x080020bb   Thumb Code     4  stm32f10x_tim.o(i.TIM_SetCompare1)
    TIM_SetCompare2                          0x080020bf   Thumb Code     4  stm32f10x_tim.o(i.TIM_SetCompare2)
    TIM_SetCounter                           0x080020c3   Thumb Code     4  stm32f10x_tim.o(i.TIM_SetCounter)
    TIM_SetIC1Prescaler                      0x080020c7   Thumb Code    18  stm32f10x_tim.o(i.TIM_SetIC1Prescaler)
    TIM_SetIC2Prescaler                      0x080020d9   Thumb Code    26  stm32f10x_tim.o(i.TIM_SetIC2Prescaler)
    TIM_SetIC3Prescaler                      0x080020f3   Thumb Code    18  stm32f10x_tim.o(i.TIM_SetIC3Prescaler)
    TIM_SetIC4Prescaler                      0x08002105   Thumb Code    26  stm32f10x_tim.o(i.TIM_SetIC4Prescaler)
    TIM_TimeBaseInit                         0x08002121   Thumb Code   122  stm32f10x_tim.o(i.TIM_TimeBaseInit)
    USART1_IRQHandler                        0x080021c5   Thumb Code   208  main.o(i.USART1_IRQHandler)
    USART2_IRQHandler                        0x080022b1   Thumb Code   230  main.o(i.USART2_IRQHandler)
    USART_ClearFlag                          0x080023b9   Thumb Code    18  stm32f10x_usart.o(i.USART_ClearFlag)
    USART_Cmd                                0x080023cb   Thumb Code    24  stm32f10x_usart.o(i.USART_Cmd)
    USART_GetITStatus                        0x080023e3   Thumb Code    84  stm32f10x_usart.o(i.USART_GetITStatus)
    USART_ITConfig                           0x08002437   Thumb Code    74  stm32f10x_usart.o(i.USART_ITConfig)
    USART_Init                               0x08002481   Thumb Code   210  stm32f10x_usart.o(i.USART_Init)
    USART_ReceiveData                        0x08002559   Thumb Code    10  stm32f10x_usart.o(i.USART_ReceiveData)
    UsageFault_Handler                       0x08002563   Thumb Code     4  stm32f10x_it.o(i.UsageFault_Handler)
    __ARM_fpclassify                         0x08002567   Thumb Code    40  fpclassify.o(i.__ARM_fpclassify)
    __kernel_poly                            0x0800258f   Thumb Code   170  poly.o(i.__kernel_poly)
    __mathlib_dbl_infnan                     0x08002639   Thumb Code     6  dunder.o(i.__mathlib_dbl_infnan)
    __mathlib_dbl_infnan2                    0x0800263f   Thumb Code     4  dunder.o(i.__mathlib_dbl_infnan2)
    __mathlib_dbl_invalid                    0x08002643   Thumb Code    12  dunder.o(i.__mathlib_dbl_invalid)
    __mathlib_dbl_underflow                  0x08002651   Thumb Code    10  dunder.o(i.__mathlib_dbl_underflow)
    asin                                     0x08002709   Thumb Code   572  asin.o(i.asin)
    atan                                     0x08002979   Thumb Code   474  atan.o(i.atan)
    atan2                                    0x08002b99   Thumb Code   346  atan2.o(i.atan2)
    delay_init                               0x08002d7d   Thumb Code    50  delay.o(i.delay_init)
    delay_ms                                 0x08002dc1   Thumb Code    72  delay.o(i.delay_ms)
    delay_us                                 0x08002e0d   Thumb Code    72  delay.o(i.delay_us)
    dmp_enable_6x_lp_quat                    0x08002e59   Thumb Code    60  inv_mpu_dmp_motion_driver.o(i.dmp_enable_6x_lp_quat)
    dmp_enable_feature                       0x08002e95   Thumb Code   530  inv_mpu_dmp_motion_driver.o(i.dmp_enable_feature)
    dmp_enable_gyro_cal                      0x080030b1   Thumb Code    62  inv_mpu_dmp_motion_driver.o(i.dmp_enable_gyro_cal)
    dmp_enable_lp_quat                       0x08003109   Thumb Code    60  inv_mpu_dmp_motion_driver.o(i.dmp_enable_lp_quat)
    dmp_load_motion_driver_firmware          0x08003145   Thumb Code    20  inv_mpu_dmp_motion_driver.o(i.dmp_load_motion_driver_firmware)
    dmp_read_fifo                            0x0800315d   Thumb Code   450  inv_mpu_dmp_motion_driver.o(i.dmp_read_fifo)
    dmp_set_accel_bias                       0x08003325   Thumb Code   300  inv_mpu_dmp_motion_driver.o(i.dmp_set_accel_bias)
    dmp_set_fifo_rate                        0x08003455   Thumb Code    96  inv_mpu_dmp_motion_driver.o(i.dmp_set_fifo_rate)
    dmp_set_gyro_bias                        0x080034c5   Thumb Code   294  inv_mpu_dmp_motion_driver.o(i.dmp_set_gyro_bias)
    dmp_set_orientation                      0x080035f5   Thumb Code   290  inv_mpu_dmp_motion_driver.o(i.dmp_set_orientation)
    dmp_set_shake_reject_thresh              0x0800372d   Thumb Code    56  inv_mpu_dmp_motion_driver.o(i.dmp_set_shake_reject_thresh)
    dmp_set_shake_reject_time                0x08003765   Thumb Code    38  inv_mpu_dmp_motion_driver.o(i.dmp_set_shake_reject_time)
    dmp_set_shake_reject_timeout             0x0800378b   Thumb Code    38  inv_mpu_dmp_motion_driver.o(i.dmp_set_shake_reject_timeout)
    dmp_set_tap_axes                         0x080037b1   Thumb Code    70  inv_mpu_dmp_motion_driver.o(i.dmp_set_tap_axes)
    dmp_set_tap_count                        0x080037f7   Thumb Code    38  inv_mpu_dmp_motion_driver.o(i.dmp_set_tap_count)
    dmp_set_tap_thresh                       0x0800381d   Thumb Code   396  inv_mpu_dmp_motion_driver.o(i.dmp_set_tap_thresh)
    dmp_set_tap_time                         0x080039bd   Thumb Code    38  inv_mpu_dmp_motion_driver.o(i.dmp_set_tap_time)
    dmp_set_tap_time_multi                   0x080039e3   Thumb Code    38  inv_mpu_dmp_motion_driver.o(i.dmp_set_tap_time_multi)
    forward                                  0x08003a09   Thumb Code    44  timer.o(i.forward)
    inv_orientation_matrix_to_scalar         0x0800406d   Thumb Code    40  inv_mpu.o(i.inv_orientation_matrix_to_scalar)
    inv_row_2_scale                          0x08004095   Thumb Code    78  inv_mpu.o(i.inv_row_2_scale)
    main                                     0x080040e5   Thumb Code    84  main.o(i.main)
    motor_run                                0x08004149   Thumb Code   112  main.o(i.motor_run)
    mpu6050_read                             0x080041bd   Thumb Code    92  mpu6050.o(i.mpu6050_read)
    mpu6050_write                            0x08004219   Thumb Code    68  mpu6050.o(i.mpu6050_write)
    mpu_configure_fifo                       0x0800425d   Thumb Code   106  inv_mpu.o(i.mpu_configure_fifo)
    mpu_get_accel_fsr                        0x080042cd   Thumb Code    72  inv_mpu.o(i.mpu_get_accel_fsr)
    mpu_get_accel_sens                       0x08004319   Thumb Code    78  inv_mpu.o(i.mpu_get_accel_sens)
    mpu_get_fifo_config                      0x0800436d   Thumb Code    12  inv_mpu.o(i.mpu_get_fifo_config)
    mpu_get_gyro_fsr                         0x0800437d   Thumb Code    64  inv_mpu.o(i.mpu_get_gyro_fsr)
    mpu_get_gyro_sens                        0x080043c1   Thumb Code    58  inv_mpu.o(i.mpu_get_gyro_sens)
    mpu_get_lpf                              0x08004411   Thumb Code    74  inv_mpu.o(i.mpu_get_lpf)
    mpu_get_sample_rate                      0x08004461   Thumb Code    26  inv_mpu.o(i.mpu_get_sample_rate)
    mpu_init                                 0x08004481   Thumb Code   396  inv_mpu.o(i.mpu_init)
    mpu_load_firmware                        0x08004611   Thumb Code   180  inv_mpu.o(i.mpu_load_firmware)
    mpu_lp_accel_mode                        0x080046c9   Thumb Code   218  inv_mpu.o(i.mpu_lp_accel_mode)
    mpu_read_fifo_stream                     0x080047a9   Thumb Code   186  inv_mpu.o(i.mpu_read_fifo_stream)
    mpu_read_mem                             0x08004869   Thumb Code   122  inv_mpu.o(i.mpu_read_mem)
    mpu_reset_fifo                           0x080048e9   Thumb Code   450  inv_mpu.o(i.mpu_reset_fifo)
    mpu_run_self_test                        0x08004ab1   Thumb Code   278  inv_mpu.o(i.mpu_run_self_test)
    mpu_set_accel_fsr                        0x08004bcd   Thumb Code   126  inv_mpu.o(i.mpu_set_accel_fsr)
    mpu_set_bypass                           0x08004c51   Thumb Code   328  inv_mpu.o(i.mpu_set_bypass)
    mpu_set_dmp_state                        0x08004d9d   Thumb Code   138  inv_mpu.o(i.mpu_set_dmp_state)
    mpu_set_gyro_fsr                         0x08004e2d   Thumb Code   132  inv_mpu.o(i.mpu_set_gyro_fsr)
    mpu_set_int_latched                      0x08004eb5   Thumb Code   102  inv_mpu.o(i.mpu_set_int_latched)
    mpu_set_lpf                              0x08004f21   Thumb Code   126  inv_mpu.o(i.mpu_set_lpf)
    mpu_set_sample_rate                      0x08004fa5   Thumb Code   152  inv_mpu.o(i.mpu_set_sample_rate)
    mpu_set_sensors                          0x08005041   Thumb Code   202  inv_mpu.o(i.mpu_set_sensors)
    mpu_write_mem                            0x08005111   Thumb Code   122  inv_mpu.o(i.mpu_write_mem)
    oled_show_all                            0x08005191   Thumb Code   214  main.o(i.oled_show_all)
    power                                    0x080052b9   Thumb Code    20  sys.o(i.power)
    run_self_test                            0x080052cd   Thumb Code   148  inv_mpu.o(i.run_self_test)
    sqrt                                     0x080053f1   Thumb Code    76  sqrt.o(i.sqrt)
    tim3_encode_init                         0x0800543d   Thumb Code   206  timer.o(i.tim3_encode_init)
    tim4_encode_init                         0x08005515   Thumb Code   196  timer.o(i.tim4_encode_init)
    velocity_PID_value                       0x080055e1   Thumb Code   126  pid.o(i.velocity_PID_value)
    vertical_pid_value                       0x08005679   Thumb Code   114  pid.o(i.vertical_pid_value)
    __aeabi_d2f                              0x08005709   Thumb Code     0  d2f.o(x$fpl$d2f)
    _d2f                                     0x08005709   Thumb Code    98  d2f.o(x$fpl$d2f)
    __aeabi_dadd                             0x0800576d   Thumb Code     0  daddsub_clz.o(x$fpl$dadd)
    _dadd                                    0x0800576d   Thumb Code   332  daddsub_clz.o(x$fpl$dadd)
    __fpl_dcheck_NaN1                        0x080058bd   Thumb Code    10  dcheck1.o(x$fpl$dcheck1)
    __aeabi_ddiv                             0x080058cd   Thumb Code     0  ddiv.o(x$fpl$ddiv)
    _ddiv                                    0x080058cd   Thumb Code   552  ddiv.o(x$fpl$ddiv)
    __aeabi_dmul                             0x08005b7d   Thumb Code     0  dmul.o(x$fpl$dmul)
    _dmul                                    0x08005b7d   Thumb Code   332  dmul.o(x$fpl$dmul)
    __fpl_dnaninf                            0x08005cd1   Thumb Code   156  dnaninf.o(x$fpl$dnaninf)
    __fpl_dretinf                            0x08005d6d   Thumb Code    12  dretinf.o(x$fpl$dretinf)
    __aeabi_drsub                            0x08005d79   Thumb Code     0  daddsub_clz.o(x$fpl$drsb)
    _drsb                                    0x08005d79   Thumb Code    22  daddsub_clz.o(x$fpl$drsb)
    _dsqrt                                   0x08005d91   Thumb Code   456  dsqrt_noumaal.o(x$fpl$dsqrt)
    __aeabi_dsub                             0x08005f5d   Thumb Code     0  daddsub_clz.o(x$fpl$dsub)
    _dsub                                    0x08005f5d   Thumb Code   464  daddsub_clz.o(x$fpl$dsub)
    __aeabi_f2d                              0x08006131   Thumb Code     0  f2d.o(x$fpl$f2d)
    _f2d                                     0x08006131   Thumb Code    86  f2d.o(x$fpl$f2d)
    __aeabi_fadd                             0x08006189   Thumb Code     0  faddsub_clz.o(x$fpl$fadd)
    _fadd                                    0x08006189   Thumb Code   196  faddsub_clz.o(x$fpl$fadd)
    __fpl_fcmp_Inf                           0x0800624d   Thumb Code    24  fcmpi.o(x$fpl$fcmpinf)
    __aeabi_fdiv                             0x08006265   Thumb Code     0  fdiv.o(x$fpl$fdiv)
    _fdiv                                    0x08006265   Thumb Code   384  fdiv.o(x$fpl$fdiv)
    __aeabi_cfcmpeq                          0x080063e9   Thumb Code     0  feqf.o(x$fpl$feqf)
    _fcmpeq                                  0x080063e9   Thumb Code   104  feqf.o(x$fpl$feqf)
    __aeabi_f2iz                             0x08006451   Thumb Code     0  ffix.o(x$fpl$ffix)
    _ffix                                    0x08006451   Thumb Code    54  ffix.o(x$fpl$ffix)
    __aeabi_f2uiz                            0x08006489   Thumb Code     0  ffixu.o(x$fpl$ffixu)
    _ffixu                                   0x08006489   Thumb Code    62  ffixu.o(x$fpl$ffixu)
    __aeabi_i2f                              0x080064c9   Thumb Code     0  fflt_clz.o(x$fpl$fflt)
    _fflt                                    0x080064c9   Thumb Code    48  fflt_clz.o(x$fpl$fflt)
    __aeabi_ui2f                             0x080064f9   Thumb Code     0  fflt_clz.o(x$fpl$ffltu)
    _ffltu                                   0x080064f9   Thumb Code    38  fflt_clz.o(x$fpl$ffltu)
    __aeabi_cfcmple                          0x08006521   Thumb Code     0  fleqf.o(x$fpl$fleqf)
    _fcmple                                  0x08006521   Thumb Code   104  fleqf.o(x$fpl$fleqf)
    __fpl_fcmple_InfNaN                      0x08006573   Thumb Code     0  fleqf.o(x$fpl$fleqf)
    __aeabi_fmul                             0x08006589   Thumb Code     0  fmul.o(x$fpl$fmul)
    _fmul                                    0x08006589   Thumb Code   258  fmul.o(x$fpl$fmul)
    __fpl_fnaninf                            0x0800668b   Thumb Code   140  fnaninf.o(x$fpl$fnaninf)
    __fpl_fretinf                            0x08006717   Thumb Code    10  fretinf.o(x$fpl$fretinf)
    __aeabi_cfrcmple                         0x08006721   Thumb Code     0  frleqf.o(x$fpl$frleqf)
    _frcmple                                 0x08006721   Thumb Code    98  frleqf.o(x$fpl$frleqf)
    __aeabi_fsub                             0x08006785   Thumb Code     0  faddsub_clz.o(x$fpl$fsub)
    _fsub                                    0x08006785   Thumb Code   234  faddsub_clz.o(x$fpl$fsub)
    __fpl_return_NaN                         0x0800686f   Thumb Code   100  retnan.o(x$fpl$retnan)
    __ARM_scalbn                             0x080068d3   Thumb Code    92  scalbn.o(x$fpl$scalbn)
    __fpl_cmpreturn                          0x0800692f   Thumb Code    48  trapv.o(x$fpl$trapveneer)
    __I$use$fp                               0x0800695e   Number         0  usenofp.o(x$fpl$usenofp)
    hw                                       0x08006960   Data          12  inv_mpu.o(.constdata)
    reg                                      0x0800696c   Data          27  inv_mpu.o(.constdata)
    test                                     0x08006988   Data          40  inv_mpu.o(.constdata)
    OLED_F8x16                               0x080075a6   Data        1520  oled.o(.constdata)
    __mathlib_zero                           0x08007c80   Data           8  qnan.o(.constdata)
    Region$$Table$$Base                      0x08007c88   Number         0  anon$$obj.o(Region$$Table)
    Region$$Table$$Limit                     0x08007ca8   Number         0  anon$$obj.o(Region$$Table)
    SystemCoreClock                          0x20000000   Data           4  system_stm32f10x.o(.data)
    AHBPrescTable                            0x20000004   Data          16  system_stm32f10x.o(.data)
    err                                      0x20000064   Data           4  pid.o(.data)
    last_err                                 0x20000068   Data           4  pid.o(.data)
    err_sum                                  0x2000006c   Data           4  pid.o(.data)
    err_difference                           0x20000070   Data           4  pid.o(.data)
    filt_velocity                            0x20000074   Data           4  pid.o(.data)
    last_filt_velocity                       0x20000078   Data           4  pid.o(.data)
    velocity_sum                             0x2000007c   Data           4  pid.o(.data)
    velocity_err                             0x20000080   Data           4  pid.o(.data)
    velocity_last_err                        0x20000084   Data           4  pid.o(.data)
    a                                        0x20000088   Data           4  pid.o(.data)
    b                                        0x2000008c   Data           4  pid.o(.data)
    Rx2Index                                 0x20000094   Data           1  yb_protocol.o(.data)
    Rx2Flag                                  0x20000095   Data           1  yb_protocol.o(.data)
    New_CMD_flag                             0x20000096   Data           1  yb_protocol.o(.data)
    New_CMD_length                           0x20000097   Data           1  yb_protocol.o(.data)
    Pitch                                    0x20000098   Data           4  main.o(.data)
    Roll                                     0x2000009c   Data           4  main.o(.data)
    Yaw                                      0x200000a0   Data           4  main.o(.data)
    KP                                       0x200000a4   Data           4  main.o(.data)
    KD                                       0x200000a8   Data           4  main.o(.data)
    TKP                                      0x200000ac   Data           4  main.o(.data)
    TKD                                      0x200000b0   Data           4  main.o(.data)
    VKp                                      0x200000b4   Data           4  main.o(.data)
    VKi                                      0x200000b8   Data           4  main.o(.data)
    FKp                                      0x200000bc   Data           4  main.o(.data)
    FKd                                      0x200000c0   Data           4  main.o(.data)
    OKp                                      0x200000c4   Data           4  main.o(.data)
    OKd                                      0x200000c8   Data           4  main.o(.data)
    F_error                                  0x200000cc   Data           4  main.o(.data)
    F_error_last                             0x200000d0   Data           4  main.o(.data)
    measure                                  0x200000d4   Data           4  main.o(.data)
    calcu                                    0x200000d8   Data           4  main.o(.data)
    mid                                      0x200000dc   Data           4  main.o(.data)
    V_target_right                           0x200000e0   Data           4  main.o(.data)
    V_target_left                            0x200000e4   Data           4  main.o(.data)
    V_target                                 0x200000e8   Data           4  main.o(.data)
    V_bias                                   0x200000ec   Data           4  main.o(.data)
    coordinate_pid_flag                      0x200000f0   Data           1  main.o(.data)
    key_sign                                 0x200000f2   Data           2  main.o(.data)
    circle_count1                            0x200000f4   Data           2  main.o(.data)
    circle_count2                            0x200000f6   Data           2  main.o(.data)
    speed                                    0x200000f8   Data           2  main.o(.data)
    pwm_left                                 0x200000fc   Data           4  main.o(.data)
    pwm_right                                0x20000100   Data           4  main.o(.data)
    ain1                                     0x20000104   Data           1  main.o(.data)
    ain2                                     0x20000105   Data           1  main.o(.data)
    bin1                                     0x20000106   Data           1  main.o(.data)
    bin2                                     0x20000107   Data           1  main.o(.data)
    k230_x                                   0x20000108   Data           2  main.o(.data)
    k230_y                                   0x2000010a   Data           2  main.o(.data)
    k230_w                                   0x2000010c   Data           2  main.o(.data)
    k230_h                                   0x2000010e   Data           2  main.o(.data)
    sensor_timestamp                         0x20000110   Data           4  main.o(.data)
    gyro                                     0x20000114   Data           6  main.o(.data)
    accel                                    0x2000011a   Data           6  main.o(.data)
    sensors                                  0x20000120   Data           2  main.o(.data)
    more                                     0x20000122   Data           1  main.o(.data)
    timestamp                                0x20000124   Data           4  main.o(.data)
    time_count                               0x20000128   Data           4  main.o(.data)
    usart1_rx_state                          0x2000012c   Data           1  main.o(.data)
    usart1_rx_buffer                         0x2000012d   Data           5  main.o(.data)
    usart1_rx_index                          0x20000132   Data           1  main.o(.data)
    accelerator                              0x20000134   Data           2  main.o(.data)
    bias_data                                0x20000136   Data           2  main.o(.data)
    car_state                                0x20000138   Data           1  main.o(.data)
    car_status                               0x20000139   Data           1  main.o(.data)
    Rx2Buffer                                0x2000014c   Data          70  yb_protocol.o(.bss)
    coordinate_pid                           0x20000194   Data          44  main.o(.bss)
    quat                                     0x200001c0   Data          16  main.o(.bss)
    __libspace_start                         0x200001d0   Data          96  libspace.o(.bss)
    __temporary_stack_top$libspace           0x20000230   Data           0  libspace.o(.bss)



==============================================================================

Memory Map of the image

  Image Entry point : 0x080000ed

  Load Region LR_IROM1 (Base: 0x08000000, Size: 0x00007de4, Max: 0x00010000, ABSOLUTE, COMPRESSED[0x00007d04])

    Execution Region ER_IROM1 (Exec base: 0x08000000, Load base: 0x08000000, Size: 0x00007ca8, Max: 0x00010000, ABSOLUTE)

    Exec Addr    Load Addr    Size         Type   Attr      Idx    E Section Name        Object

    0x08000000   0x08000000   0x000000ec   Data   RO            3    RESET               startup_stm32f10x_md.o
    0x080000ec   0x080000ec   0x00000008   Code   RO         4805  * !!!main             c_w.l(__main.o)
    0x080000f4   0x080000f4   0x00000034   Code   RO         5280    !!!scatter          c_w.l(__scatter.o)
    0x08000128   0x08000128   0x0000005a   Code   RO         5278    !!dczerorl2         c_w.l(__dczerorl2.o)
    0x08000182   0x08000182   0x00000002   PAD
    0x08000184   0x08000184   0x0000001c   Code   RO         5282    !!handler_zi        c_w.l(__scatter_zi.o)
    0x080001a0   0x080001a0   0x00000002   Code   RO         5137    .ARM.Collect$$libinit$$00000000  c_w.l(libinit.o)
    0x080001a2   0x080001a2   0x00000000   Code   RO         5153    .ARM.Collect$$libinit$$00000002  c_w.l(libinit2.o)
    0x080001a2   0x080001a2   0x00000000   Code   RO         5155    .ARM.Collect$$libinit$$00000004  c_w.l(libinit2.o)
    0x080001a2   0x080001a2   0x00000000   Code   RO         5158    .ARM.Collect$$libinit$$0000000A  c_w.l(libinit2.o)
    0x080001a2   0x080001a2   0x00000000   Code   RO         5160    .ARM.Collect$$libinit$$0000000C  c_w.l(libinit2.o)
    0x080001a2   0x080001a2   0x00000000   Code   RO         5162    .ARM.Collect$$libinit$$0000000E  c_w.l(libinit2.o)
    0x080001a2   0x080001a2   0x00000000   Code   RO         5165    .ARM.Collect$$libinit$$00000011  c_w.l(libinit2.o)
    0x080001a2   0x080001a2   0x00000000   Code   RO         5167    .ARM.Collect$$libinit$$00000013  c_w.l(libinit2.o)
    0x080001a2   0x080001a2   0x00000000   Code   RO         5169    .ARM.Collect$$libinit$$00000015  c_w.l(libinit2.o)
    0x080001a2   0x080001a2   0x00000000   Code   RO         5171    .ARM.Collect$$libinit$$00000017  c_w.l(libinit2.o)
    0x080001a2   0x080001a2   0x00000000   Code   RO         5173    .ARM.Collect$$libinit$$00000019  c_w.l(libinit2.o)
    0x080001a2   0x080001a2   0x00000000   Code   RO         5175    .ARM.Collect$$libinit$$0000001B  c_w.l(libinit2.o)
    0x080001a2   0x080001a2   0x00000000   Code   RO         5177    .ARM.Collect$$libinit$$0000001D  c_w.l(libinit2.o)
    0x080001a2   0x080001a2   0x00000000   Code   RO         5179    .ARM.Collect$$libinit$$0000001F  c_w.l(libinit2.o)
    0x080001a2   0x080001a2   0x00000000   Code   RO         5181    .ARM.Collect$$libinit$$00000021  c_w.l(libinit2.o)
    0x080001a2   0x080001a2   0x00000000   Code   RO         5183    .ARM.Collect$$libinit$$00000023  c_w.l(libinit2.o)
    0x080001a2   0x080001a2   0x00000000   Code   RO         5185    .ARM.Collect$$libinit$$00000025  c_w.l(libinit2.o)
    0x080001a2   0x080001a2   0x00000000   Code   RO         5189    .ARM.Collect$$libinit$$0000002C  c_w.l(libinit2.o)
    0x080001a2   0x080001a2   0x00000000   Code   RO         5191    .ARM.Collect$$libinit$$0000002E  c_w.l(libinit2.o)
    0x080001a2   0x080001a2   0x00000000   Code   RO         5193    .ARM.Collect$$libinit$$00000030  c_w.l(libinit2.o)
    0x080001a2   0x080001a2   0x00000000   Code   RO         5195    .ARM.Collect$$libinit$$00000032  c_w.l(libinit2.o)
    0x080001a2   0x080001a2   0x00000002   Code   RO         5196    .ARM.Collect$$libinit$$00000033  c_w.l(libinit2.o)
    0x080001a4   0x080001a4   0x00000002   Code   RO         5228    .ARM.Collect$$libshutdown$$00000000  c_w.l(libshutdown.o)
    0x080001a6   0x080001a6   0x00000000   Code   RO         5245    .ARM.Collect$$libshutdown$$00000002  c_w.l(libshutdown2.o)
    0x080001a6   0x080001a6   0x00000000   Code   RO         5247    .ARM.Collect$$libshutdown$$00000004  c_w.l(libshutdown2.o)
    0x080001a6   0x080001a6   0x00000000   Code   RO         5250    .ARM.Collect$$libshutdown$$00000007  c_w.l(libshutdown2.o)
    0x080001a6   0x080001a6   0x00000000   Code   RO         5253    .ARM.Collect$$libshutdown$$0000000A  c_w.l(libshutdown2.o)
    0x080001a6   0x080001a6   0x00000000   Code   RO         5255    .ARM.Collect$$libshutdown$$0000000C  c_w.l(libshutdown2.o)
    0x080001a6   0x080001a6   0x00000000   Code   RO         5258    .ARM.Collect$$libshutdown$$0000000F  c_w.l(libshutdown2.o)
    0x080001a6   0x080001a6   0x00000002   Code   RO         5259    .ARM.Collect$$libshutdown$$00000010  c_w.l(libshutdown2.o)
    0x080001a8   0x080001a8   0x00000000   Code   RO         4863    .ARM.Collect$$rtentry$$00000000  c_w.l(__rtentry.o)
    0x080001a8   0x080001a8   0x00000000   Code   RO         5040    .ARM.Collect$$rtentry$$00000002  c_w.l(__rtentry2.o)
    0x080001a8   0x080001a8   0x00000006   Code   RO         5052    .ARM.Collect$$rtentry$$00000004  c_w.l(__rtentry4.o)
    0x080001ae   0x080001ae   0x00000000   Code   RO         5042    .ARM.Collect$$rtentry$$00000009  c_w.l(__rtentry2.o)
    0x080001ae   0x080001ae   0x00000004   Code   RO         5043    .ARM.Collect$$rtentry$$0000000A  c_w.l(__rtentry2.o)
    0x080001b2   0x080001b2   0x00000000   Code   RO         5045    .ARM.Collect$$rtentry$$0000000C  c_w.l(__rtentry2.o)
    0x080001b2   0x080001b2   0x00000008   Code   RO         5046    .ARM.Collect$$rtentry$$0000000D  c_w.l(__rtentry2.o)
    0x080001ba   0x080001ba   0x00000002   Code   RO         5144    .ARM.Collect$$rtexit$$00000000  c_w.l(rtexit.o)
    0x080001bc   0x080001bc   0x00000000   Code   RO         5200    .ARM.Collect$$rtexit$$00000002  c_w.l(rtexit2.o)
    0x080001bc   0x080001bc   0x00000004   Code   RO         5201    .ARM.Collect$$rtexit$$00000003  c_w.l(rtexit2.o)
    0x080001c0   0x080001c0   0x00000006   Code   RO         5202    .ARM.Collect$$rtexit$$00000004  c_w.l(rtexit2.o)
    0x080001c6   0x080001c6   0x00000002   PAD
    0x080001c8   0x080001c8   0x00000040   Code   RO            4    .text               startup_stm32f10x_md.o
    0x08000208   0x08000208   0x00000048   Code   RO         4791    .text               c_w.l(llsdiv.o)
    0x08000250   0x08000250   0x00000058   Code   RO         4797    .text               c_w.l(memcmp.o)
    0x080002a8   0x080002a8   0x00000010   Code   RO         4799    .text               c_w.l(aeabi_memset.o)
    0x080002b8   0x080002b8   0x0000004e   Code   RO         4801    .text               c_w.l(rt_memclr_w.o)
    0x08000306   0x08000306   0x00000006   Code   RO         4803    .text               c_w.l(heapauxi.o)
    0x0800030c   0x0800030c   0x00000008   Code   RO         4867    .text               c_w.l(rt_errno_addr_intlibspace.o)
    0x08000314   0x08000314   0x000000ee   Code   RO         4869    .text               c_w.l(lludivv7m.o)
    0x08000402   0x08000402   0x00000016   Code   RO         4871    .text               c_w.l(_rserrno.o)
    0x08000418   0x08000418   0x00000044   Code   RO         4966    .text               c_w.l(rt_memclr.o)
    0x0800045c   0x0800045c   0x00000008   Code   RO         5036    .text               c_w.l(libspace.o)
    0x08000464   0x08000464   0x0000004a   Code   RO         5086    .text               c_w.l(sys_stackheap_outer.o)
    0x080004ae   0x080004ae   0x00000012   Code   RO         5130    .text               c_w.l(exit.o)
    0x080004c0   0x080004c0   0x0000000c   Code   RO         5216    .text               c_w.l(sys_exit.o)
    0x080004cc   0x080004cc   0x00000002   Code   RO         5233    .text               c_w.l(use_no_semi.o)
    0x080004ce   0x080004ce   0x00000000   Code   RO         5235    .text               c_w.l(indicate_semi.o)
    0x080004ce   0x080004ce   0x00000002   PAD
    0x080004d0   0x080004d0   0x00000014   Code   RO         4154    i.AIN1_reset        timer.o
    0x080004e4   0x080004e4   0x00000014   Code   RO         4157    i.AIN2_set          timer.o
    0x080004f8   0x080004f8   0x00000014   Code   RO         4159    i.BIN1_set          timer.o
    0x0800050c   0x0800050c   0x00000014   Code   RO         4160    i.BIN2_reset        timer.o
    0x08000520   0x08000520   0x00000004   Code   RO         4726    i.BusFault_Handler  stm32f10x_it.o
    0x08000524   0x08000524   0x00000002   Code   RO         4727    i.DebugMon_Handler  stm32f10x_it.o
    0x08000526   0x08000526   0x00000002   PAD
    0x08000528   0x08000528   0x0000012c   Code   RO         4636    i.EXTI15_10_IRQHandler  main.o
    0x08000654   0x08000654   0x0000000c   Code   RO          985    i.EXTI_ClearITPendingBit  stm32f10x_exti.o
    0x08000660   0x08000660   0x00000094   Code   RO          990    i.EXTI_Init         stm32f10x_exti.o
    0x080006f4   0x080006f4   0x00000040   Code   RO         1344    i.GPIO_EXTILineConfig  stm32f10x_gpio.o
    0x08000734   0x08000734   0x00000116   Code   RO         1347    i.GPIO_Init         stm32f10x_gpio.o
    0x0800084a   0x0800084a   0x00000002   PAD
    0x0800084c   0x0800084c   0x00000054   Code   RO         4162    i.GPIO_Motor_init   timer.o
    0x080008a0   0x080008a0   0x00000004   Code   RO         1354    i.GPIO_ResetBits    stm32f10x_gpio.o
    0x080008a4   0x080008a4   0x00000004   Code   RO         1355    i.GPIO_SetBits      stm32f10x_gpio.o
    0x080008a8   0x080008a8   0x0000000a   Code   RO         1358    i.GPIO_WriteBit     stm32f10x_gpio.o
    0x080008b2   0x080008b2   0x00000004   Code   RO         4728    i.HardFault_Handler  stm32f10x_it.o
    0x080008b6   0x080008b6   0x00000002   PAD
    0x080008b8   0x080008b8   0x000000b0   Code   RO         4408    i.K230_Init         usart_car.o
    0x08000968   0x08000968   0x00000058   Code   RO         4165    i.Limiting_motor    timer.o
    0x080009c0   0x080009c0   0x00000218   Code   RO         3297    i.MPU6050_DMP_Get_Data  inv_mpu.o
    0x08000bd8   0x08000bd8   0x00000050   Code   RO         3298    i.MPU6050_DMP_Init  inv_mpu.o
    0x08000c28   0x08000c28   0x0000002c   Code   RO         3855    i.MPU6050_IIC_IO_Init  mpu6050_i2c.o
    0x08000c54   0x08000c54   0x00000050   Code   RO         3856    i.MPU6050_IIC_Read_Ack  mpu6050_i2c.o
    0x08000ca4   0x08000ca4   0x00000060   Code   RO         3857    i.MPU6050_IIC_Read_Byte  mpu6050_i2c.o
    0x08000d04   0x08000d04   0x0000001c   Code   RO         3858    i.MPU6050_IIC_SDA_IO_IN  mpu6050_i2c.o
    0x08000d20   0x08000d20   0x00000018   Code   RO         3859    i.MPU6050_IIC_SDA_IO_OUT  mpu6050_i2c.o
    0x08000d38   0x08000d38   0x00000038   Code   RO         3860    i.MPU6050_IIC_Send_Ack  mpu6050_i2c.o
    0x08000d70   0x08000d70   0x00000064   Code   RO         3861    i.MPU6050_IIC_Send_Byte  mpu6050_i2c.o
    0x08000dd4   0x08000dd4   0x00000038   Code   RO         3862    i.MPU6050_IIC_Start  mpu6050_i2c.o
    0x08000e0c   0x08000e0c   0x0000003c   Code   RO         3863    i.MPU6050_IIC_Stop  mpu6050_i2c.o
    0x08000e48   0x08000e48   0x0000007c   Code   RO         4166    i.MPU_exti_init     timer.o
    0x08000ec4   0x08000ec4   0x00000004   Code   RO         4729    i.MemManage_Handler  stm32f10x_it.o
    0x08000ec8   0x08000ec8   0x000000b0   Code   RO         3254    i.My_GPIO_Init      sys.o
    0x08000f78   0x08000f78   0x00000002   Code   RO         4730    i.NMI_Handler       stm32f10x_it.o
    0x08000f7a   0x08000f7a   0x00000002   PAD
    0x08000f7c   0x08000f7c   0x00000070   Code   RO          137    i.NVIC_Init         misc.o
    0x08000fec   0x08000fec   0x00000014   Code   RO          138    i.NVIC_PriorityGroupConfig  misc.o
    0x08001000   0x08001000   0x0000002a   Code   RO         3915    i.OLED_Clear        oled.o
    0x0800102a   0x0800102a   0x00000002   PAD
    0x0800102c   0x0800102c   0x00000050   Code   RO         3916    i.OLED_I2C_Init     oled.o
    0x0800107c   0x0800107c   0x00000054   Code   RO         3917    i.OLED_I2C_SendByte  oled.o
    0x080010d0   0x080010d0   0x00000034   Code   RO         3918    i.OLED_I2C_Start    oled.o
    0x08001104   0x08001104   0x00000028   Code   RO         3919    i.OLED_I2C_Stop     oled.o
    0x0800112c   0x0800112c   0x000000ac   Code   RO         3920    i.OLED_Init         oled.o
    0x080011d8   0x080011d8   0x00000014   Code   RO         3921    i.OLED_Pow          oled.o
    0x080011ec   0x080011ec   0x00000022   Code   RO         3922    i.OLED_SetCursor    oled.o
    0x0800120e   0x0800120e   0x00000002   PAD
    0x08001210   0x08001210   0x00000074   Code   RO         3924    i.OLED_ShowChar     oled.o
    0x08001284   0x08001284   0x00000044   Code   RO         3926    i.OLED_ShowNum      oled.o
    0x080012c8   0x080012c8   0x00000028   Code   RO         3928    i.OLED_ShowString   oled.o
    0x080012f0   0x080012f0   0x00000020   Code   RO         3929    i.OLED_WriteCommand  oled.o
    0x08001310   0x08001310   0x00000020   Code   RO         3930    i.OLED_WriteData    oled.o
    0x08001330   0x08001330   0x000000a4   Code   RO         4095    i.PID_Position_Calculate  pid.o
    0x080013d4   0x080013d4   0x0000001e   Code   RO         4096    i.PID_init          pid.o
    0x080013f2   0x080013f2   0x00000002   PAD
    0x080013f4   0x080013f4   0x000000c4   Code   RO         4168    i.PWM_Init          timer.o
    0x080014b8   0x080014b8   0x00000010   Code   RO         4169    i.PWM_SetCompare1   timer.o
    0x080014c8   0x080014c8   0x00000010   Code   RO         4170    i.PWM_SetCompare2   timer.o
    0x080014d8   0x080014d8   0x00000002   Code   RO         4731    i.PendSV_Handler    stm32f10x_it.o
    0x080014da   0x080014da   0x00000002   PAD
    0x080014dc   0x080014dc   0x00000020   Code   RO         1775    i.RCC_APB1PeriphClockCmd  stm32f10x_rcc.o
    0x080014fc   0x080014fc   0x00000020   Code   RO         1777    i.RCC_APB2PeriphClockCmd  stm32f10x_rcc.o
    0x0800151c   0x0800151c   0x000000d4   Code   RO         1785    i.RCC_GetClocksFreq  stm32f10x_rcc.o
    0x080015f0   0x080015f0   0x0000001c   Code   RO         4171    i.Read_Encoder3     timer.o
    0x0800160c   0x0800160c   0x0000001c   Code   RO         4172    i.Read_Encoder4     timer.o
    0x08001628   0x08001628   0x00000002   Code   RO         4732    i.SVC_Handler       stm32f10x_it.o
    0x0800162a   0x0800162a   0x00000002   PAD
    0x0800162c   0x0800162c   0x000000b8   Code   RO         4412    i.Serial_Init       usart_car.o
    0x080016e4   0x080016e4   0x00000008   Code   RO           24    i.SetSysClock       system_stm32f10x.o
    0x080016ec   0x080016ec   0x000000e0   Code   RO           25    i.SetSysClockTo72   system_stm32f10x.o
    0x080017cc   0x080017cc   0x00000028   Code   RO          141    i.SysTick_CLKSourceConfig  misc.o
    0x080017f4   0x080017f4   0x00000002   Code   RO         4733    i.SysTick_Handler   stm32f10x_it.o
    0x080017f6   0x080017f6   0x00000002   PAD
    0x080017f8   0x080017f8   0x00000060   Code   RO           27    i.SystemInit        system_stm32f10x.o
    0x08001858   0x08001858   0x00000080   Code   RO         2405    i.TI1_Config        stm32f10x_tim.o
    0x080018d8   0x080018d8   0x00000098   Code   RO         2406    i.TI2_Config        stm32f10x_tim.o
    0x08001970   0x08001970   0x00000090   Code   RO         2407    i.TI3_Config        stm32f10x_tim.o
    0x08001a00   0x08001a00   0x00000098   Code   RO         2408    i.TI4_Config        stm32f10x_tim.o
    0x08001a98   0x08001a98   0x00000068   Code   RO         4173    i.TIM1_Init         timer.o
    0x08001b00   0x08001b00   0x00000238   Code   RO         4637    i.TIM1_UP_IRQHandler  main.o
    0x08001d38   0x08001d38   0x00000050   Code   RO         4638    i.TIM3_IRQHandler   main.o
    0x08001d88   0x08001d88   0x00000050   Code   RO         4639    i.TIM4_IRQHandler   main.o
    0x08001dd8   0x08001dd8   0x00000006   Code   RO         2416    i.TIM_ClearITPendingBit  stm32f10x_tim.o
    0x08001dde   0x08001dde   0x00000018   Code   RO         2421    i.TIM_Cmd           stm32f10x_tim.o
    0x08001df6   0x08001df6   0x00000042   Code   RO         2430    i.TIM_EncoderInterfaceConfig  stm32f10x_tim.o
    0x08001e38   0x08001e38   0x00000006   Code   RO         2440    i.TIM_GetCounter    stm32f10x_tim.o
    0x08001e3e   0x08001e3e   0x00000022   Code   RO         2442    i.TIM_GetITStatus   stm32f10x_tim.o
    0x08001e60   0x08001e60   0x000000ac   Code   RO         2444    i.TIM_ICInit        stm32f10x_tim.o
    0x08001f0c   0x08001f0c   0x00000012   Code   RO         2445    i.TIM_ICStructInit  stm32f10x_tim.o
    0x08001f1e   0x08001f1e   0x00000012   Code   RO         2446    i.TIM_ITConfig      stm32f10x_tim.o
    0x08001f30   0x08001f30   0x0000000c   Code   RO         2448    i.TIM_InternalClockConfig  stm32f10x_tim.o
    0x08001f3c   0x08001f3c   0x00000098   Code   RO         2450    i.TIM_OC1Init       stm32f10x_tim.o
    0x08001fd4   0x08001fd4   0x00000012   Code   RO         2453    i.TIM_OC1PreloadConfig  stm32f10x_tim.o
    0x08001fe6   0x08001fe6   0x00000002   PAD
    0x08001fe8   0x08001fe8   0x000000a4   Code   RO         2455    i.TIM_OC2Init       stm32f10x_tim.o
    0x0800208c   0x0800208c   0x0000001a   Code   RO         2458    i.TIM_OC2PreloadConfig  stm32f10x_tim.o
    0x080020a6   0x080020a6   0x00000014   Code   RO         2468    i.TIM_OCStructInit  stm32f10x_tim.o
    0x080020ba   0x080020ba   0x00000004   Code   RO         2482    i.TIM_SetCompare1   stm32f10x_tim.o
    0x080020be   0x080020be   0x00000004   Code   RO         2483    i.TIM_SetCompare2   stm32f10x_tim.o
    0x080020c2   0x080020c2   0x00000004   Code   RO         2486    i.TIM_SetCounter    stm32f10x_tim.o
    0x080020c6   0x080020c6   0x00000012   Code   RO         2487    i.TIM_SetIC1Prescaler  stm32f10x_tim.o
    0x080020d8   0x080020d8   0x0000001a   Code   RO         2488    i.TIM_SetIC2Prescaler  stm32f10x_tim.o
    0x080020f2   0x080020f2   0x00000012   Code   RO         2489    i.TIM_SetIC3Prescaler  stm32f10x_tim.o
    0x08002104   0x08002104   0x0000001a   Code   RO         2490    i.TIM_SetIC4Prescaler  stm32f10x_tim.o
    0x0800211e   0x0800211e   0x00000002   PAD
    0x08002120   0x08002120   0x000000a4   Code   RO         2492    i.TIM_TimeBaseInit  stm32f10x_tim.o
    0x080021c4   0x080021c4   0x000000ec   Code   RO         4640    i.USART1_IRQHandler  main.o
    0x080022b0   0x080022b0   0x00000108   Code   RO         4641    i.USART2_IRQHandler  main.o
    0x080023b8   0x080023b8   0x00000012   Code   RO         2956    i.USART_ClearFlag   stm32f10x_usart.o
    0x080023ca   0x080023ca   0x00000018   Code   RO         2960    i.USART_Cmd         stm32f10x_usart.o
    0x080023e2   0x080023e2   0x00000054   Code   RO         2964    i.USART_GetITStatus  stm32f10x_usart.o
    0x08002436   0x08002436   0x0000004a   Code   RO         2966    i.USART_ITConfig    stm32f10x_usart.o
    0x08002480   0x08002480   0x000000d8   Code   RO         2967    i.USART_Init        stm32f10x_usart.o
    0x08002558   0x08002558   0x0000000a   Code   RO         2974    i.USART_ReceiveData  stm32f10x_usart.o
    0x08002562   0x08002562   0x00000004   Code   RO         4734    i.UsageFault_Handler  stm32f10x_it.o
    0x08002566   0x08002566   0x00000028   Code   RO         5023    i.__ARM_fpclassify  m_ws.l(fpclassify.o)
    0x0800258e   0x0800258e   0x000000aa   Code   RO         5025    i.__kernel_poly     m_ws.l(poly.o)
    0x08002638   0x08002638   0x00000006   Code   RO         5010    i.__mathlib_dbl_infnan  m_ws.l(dunder.o)
    0x0800263e   0x0800263e   0x00000004   Code   RO         5011    i.__mathlib_dbl_infnan2  m_ws.l(dunder.o)
    0x08002642   0x08002642   0x0000000c   Code   RO         5012    i.__mathlib_dbl_invalid  m_ws.l(dunder.o)
    0x0800264e   0x0800264e   0x00000002   PAD
    0x08002650   0x08002650   0x00000010   Code   RO         5015    i.__mathlib_dbl_underflow  m_ws.l(dunder.o)
    0x08002660   0x08002660   0x000000a8   Code   RO         3299    i.accel_self_test   inv_mpu.o
    0x08002708   0x08002708   0x00000270   Code   RO         4846    i.asin              m_ws.l(asin.o)
    0x08002978   0x08002978   0x00000220   Code   RO         5000    i.atan              m_ws.l(atan.o)
    0x08002b98   0x08002b98   0x00000180   Code   RO         4856    i.atan2             m_ws.l(atan2.o)
    0x08002d18   0x08002d18   0x00000064   Code   RO         3639    i.decode_gesture    inv_mpu_dmp_motion_driver.o
    0x08002d7c   0x08002d7c   0x00000044   Code   RO         3196    i.delay_init        delay.o
    0x08002dc0   0x08002dc0   0x0000004c   Code   RO         3197    i.delay_ms          delay.o
    0x08002e0c   0x08002e0c   0x0000004c   Code   RO         3198    i.delay_us          delay.o
    0x08002e58   0x08002e58   0x0000003c   Code   RO         3640    i.dmp_enable_6x_lp_quat  inv_mpu_dmp_motion_driver.o
    0x08002e94   0x08002e94   0x0000021c   Code   RO         3641    i.dmp_enable_feature  inv_mpu_dmp_motion_driver.o
    0x080030b0   0x080030b0   0x00000058   Code   RO         3642    i.dmp_enable_gyro_cal  inv_mpu_dmp_motion_driver.o
    0x08003108   0x08003108   0x0000003c   Code   RO         3643    i.dmp_enable_lp_quat  inv_mpu_dmp_motion_driver.o
    0x08003144   0x08003144   0x00000018   Code   RO         3648    i.dmp_load_motion_driver_firmware  inv_mpu_dmp_motion_driver.o
    0x0800315c   0x0800315c   0x000001c8   Code   RO         3649    i.dmp_read_fifo     inv_mpu_dmp_motion_driver.o
    0x08003324   0x08003324   0x00000130   Code   RO         3652    i.dmp_set_accel_bias  inv_mpu_dmp_motion_driver.o
    0x08003454   0x08003454   0x00000070   Code   RO         3653    i.dmp_set_fifo_rate  inv_mpu_dmp_motion_driver.o
    0x080034c4   0x080034c4   0x00000130   Code   RO         3654    i.dmp_set_gyro_bias  inv_mpu_dmp_motion_driver.o
    0x080035f4   0x080035f4   0x00000138   Code   RO         3656    i.dmp_set_orientation  inv_mpu_dmp_motion_driver.o
    0x0800372c   0x0800372c   0x00000038   Code   RO         3659    i.dmp_set_shake_reject_thresh  inv_mpu_dmp_motion_driver.o
    0x08003764   0x08003764   0x00000026   Code   RO         3660    i.dmp_set_shake_reject_time  inv_mpu_dmp_motion_driver.o
    0x0800378a   0x0800378a   0x00000026   Code   RO         3661    i.dmp_set_shake_reject_timeout  inv_mpu_dmp_motion_driver.o
    0x080037b0   0x080037b0   0x00000046   Code   RO         3662    i.dmp_set_tap_axes  inv_mpu_dmp_motion_driver.o
    0x080037f6   0x080037f6   0x00000026   Code   RO         3663    i.dmp_set_tap_count  inv_mpu_dmp_motion_driver.o
    0x0800381c   0x0800381c   0x000001a0   Code   RO         3664    i.dmp_set_tap_thresh  inv_mpu_dmp_motion_driver.o
    0x080039bc   0x080039bc   0x00000026   Code   RO         3665    i.dmp_set_tap_time  inv_mpu_dmp_motion_driver.o
    0x080039e2   0x080039e2   0x00000026   Code   RO         3666    i.dmp_set_tap_time_multi  inv_mpu_dmp_motion_driver.o
    0x08003a08   0x08003a08   0x00000030   Code   RO         4175    i.forward           timer.o
    0x08003a38   0x08003a38   0x000000b4   Code   RO         3300    i.get_accel_prod_shift  inv_mpu.o
    0x08003aec   0x08003aec   0x00000470   Code   RO         3302    i.get_st_biases     inv_mpu.o
    0x08003f5c   0x08003f5c   0x00000110   Code   RO         3303    i.gyro_self_test    inv_mpu.o
    0x0800406c   0x0800406c   0x00000028   Code   RO         3304    i.inv_orientation_matrix_to_scalar  inv_mpu.o
    0x08004094   0x08004094   0x0000004e   Code   RO         3305    i.inv_row_2_scale   inv_mpu.o
    0x080040e2   0x080040e2   0x00000002   PAD
    0x080040e4   0x080040e4   0x00000064   Code   RO         4642    i.main              main.o
    0x08004148   0x08004148   0x00000074   Code   RO         4643    i.motor_run         main.o
    0x080041bc   0x080041bc   0x0000005c   Code   RO         3820    i.mpu6050_read      mpu6050.o
    0x08004218   0x08004218   0x00000044   Code   RO         3822    i.mpu6050_write     mpu6050.o
    0x0800425c   0x0800425c   0x00000070   Code   RO         3306    i.mpu_configure_fifo  inv_mpu.o
    0x080042cc   0x080042cc   0x0000004c   Code   RO         3307    i.mpu_get_accel_fsr  inv_mpu.o
    0x08004318   0x08004318   0x00000054   Code   RO         3309    i.mpu_get_accel_sens  inv_mpu.o
    0x0800436c   0x0800436c   0x00000010   Code   RO         3314    i.mpu_get_fifo_config  inv_mpu.o
    0x0800437c   0x0800437c   0x00000044   Code   RO         3315    i.mpu_get_gyro_fsr  inv_mpu.o
    0x080043c0   0x080043c0   0x00000050   Code   RO         3317    i.mpu_get_gyro_sens  inv_mpu.o
    0x08004410   0x08004410   0x00000050   Code   RO         3319    i.mpu_get_lpf       inv_mpu.o
    0x08004460   0x08004460   0x00000020   Code   RO         3321    i.mpu_get_sample_rate  inv_mpu.o
    0x08004480   0x08004480   0x00000190   Code   RO         3323    i.mpu_init          inv_mpu.o
    0x08004610   0x08004610   0x000000b8   Code   RO         3324    i.mpu_load_firmware  inv_mpu.o
    0x080046c8   0x080046c8   0x000000e0   Code   RO         3325    i.mpu_lp_accel_mode  inv_mpu.o
    0x080047a8   0x080047a8   0x000000c0   Code   RO         3328    i.mpu_read_fifo_stream  inv_mpu.o
    0x08004868   0x08004868   0x00000080   Code   RO         3329    i.mpu_read_mem      inv_mpu.o
    0x080048e8   0x080048e8   0x000001c8   Code   RO         3332    i.mpu_reset_fifo    inv_mpu.o
    0x08004ab0   0x08004ab0   0x0000011c   Code   RO         3333    i.mpu_run_self_test  inv_mpu.o
    0x08004bcc   0x08004bcc   0x00000084   Code   RO         3335    i.mpu_set_accel_fsr  inv_mpu.o
    0x08004c50   0x08004c50   0x0000014c   Code   RO         3336    i.mpu_set_bypass    inv_mpu.o
    0x08004d9c   0x08004d9c   0x00000090   Code   RO         3338    i.mpu_set_dmp_state  inv_mpu.o
    0x08004e2c   0x08004e2c   0x00000088   Code   RO         3339    i.mpu_set_gyro_fsr  inv_mpu.o
    0x08004eb4   0x08004eb4   0x0000006c   Code   RO         3340    i.mpu_set_int_latched  inv_mpu.o
    0x08004f20   0x08004f20   0x00000084   Code   RO         3342    i.mpu_set_lpf       inv_mpu.o
    0x08004fa4   0x08004fa4   0x0000009c   Code   RO         3343    i.mpu_set_sample_rate  inv_mpu.o
    0x08005040   0x08005040   0x000000d0   Code   RO         3344    i.mpu_set_sensors   inv_mpu.o
    0x08005110   0x08005110   0x00000080   Code   RO         3345    i.mpu_write_mem     inv_mpu.o
    0x08005190   0x08005190   0x00000128   Code   RO         4644    i.oled_show_all     main.o
    0x080052b8   0x080052b8   0x00000014   Code   RO         3257    i.power             sys.o
    0x080052cc   0x080052cc   0x00000094   Code   RO         3346    i.run_self_test     inv_mpu.o
    0x08005360   0x08005360   0x00000090   Code   RO         3347    i.set_int_enable    inv_mpu.o
    0x080053f0   0x080053f0   0x0000004c   Code   RO         5029    i.sqrt              m_ws.l(sqrt.o)
    0x0800543c   0x0800543c   0x000000d8   Code   RO         4176    i.tim3_encode_init  timer.o
    0x08005514   0x08005514   0x000000cc   Code   RO         4177    i.tim4_encode_init  timer.o
    0x080055e0   0x080055e0   0x00000098   Code   RO         4098    i.velocity_PID_value  pid.o
    0x08005678   0x08005678   0x00000090   Code   RO         4099    i.vertical_pid_value  pid.o
    0x08005708   0x08005708   0x00000062   Code   RO         4807    x$fpl$d2f           fz_ws.l(d2f.o)
    0x0800576a   0x0800576a   0x00000002   PAD
    0x0800576c   0x0800576c   0x00000150   Code   RO         4968    x$fpl$dadd          fz_ws.l(daddsub_clz.o)
    0x080058bc   0x080058bc   0x00000010   Code   RO         5080    x$fpl$dcheck1       fz_ws.l(dcheck1.o)
    0x080058cc   0x080058cc   0x000002b0   Code   RO         4975    x$fpl$ddiv          fz_ws.l(ddiv.o)
    0x08005b7c   0x08005b7c   0x00000154   Code   RO         4809    x$fpl$dmul          fz_ws.l(dmul.o)
    0x08005cd0   0x08005cd0   0x0000009c   Code   RO         4978    x$fpl$dnaninf       fz_ws.l(dnaninf.o)
    0x08005d6c   0x08005d6c   0x0000000c   Code   RO         4980    x$fpl$dretinf       fz_ws.l(dretinf.o)
    0x08005d78   0x08005d78   0x00000016   Code   RO         4969    x$fpl$drsb          fz_ws.l(daddsub_clz.o)
    0x08005d8e   0x08005d8e   0x00000002   PAD
    0x08005d90   0x08005d90   0x000001cc   Code   RO         5084    x$fpl$dsqrt         fz_ws.l(dsqrt_noumaal.o)
    0x08005f5c   0x08005f5c   0x000001d4   Code   RO         4970    x$fpl$dsub          fz_ws.l(daddsub_clz.o)
    0x08006130   0x08006130   0x00000056   Code   RO         4811    x$fpl$f2d           fz_ws.l(f2d.o)
    0x08006186   0x08006186   0x00000002   PAD
    0x08006188   0x08006188   0x000000c4   Code   RO         4813    x$fpl$fadd          fz_ws.l(faddsub_clz.o)
    0x0800624c   0x0800624c   0x00000018   Code   RO         4982    x$fpl$fcmpinf       fz_ws.l(fcmpi.o)
    0x08006264   0x08006264   0x00000184   Code   RO         4820    x$fpl$fdiv          fz_ws.l(fdiv.o)
    0x080063e8   0x080063e8   0x00000068   Code   RO         4823    x$fpl$feqf          fz_ws.l(feqf.o)
    0x08006450   0x08006450   0x00000036   Code   RO         4825    x$fpl$ffix          fz_ws.l(ffix.o)
    0x08006486   0x08006486   0x00000002   PAD
    0x08006488   0x08006488   0x0000003e   Code   RO         4829    x$fpl$ffixu         fz_ws.l(ffixu.o)
    0x080064c6   0x080064c6   0x00000002   PAD
    0x080064c8   0x080064c8   0x00000030   Code   RO         4834    x$fpl$fflt          fz_ws.l(fflt_clz.o)
    0x080064f8   0x080064f8   0x00000026   Code   RO         4833    x$fpl$ffltu         fz_ws.l(fflt_clz.o)
    0x0800651e   0x0800651e   0x00000002   PAD
    0x08006520   0x08006520   0x00000068   Code   RO         4839    x$fpl$fleqf         fz_ws.l(fleqf.o)
    0x08006588   0x08006588   0x00000102   Code   RO         4841    x$fpl$fmul          fz_ws.l(fmul.o)
    0x0800668a   0x0800668a   0x0000008c   Code   RO         4984    x$fpl$fnaninf       fz_ws.l(fnaninf.o)
    0x08006716   0x08006716   0x0000000a   Code   RO         4986    x$fpl$fretinf       fz_ws.l(fretinf.o)
    0x08006720   0x08006720   0x00000062   Code   RO         4843    x$fpl$frleqf        fz_ws.l(frleqf.o)
    0x08006782   0x08006782   0x00000002   PAD
    0x08006784   0x08006784   0x000000ea   Code   RO         4815    x$fpl$fsub          fz_ws.l(faddsub_clz.o)
    0x0800686e   0x0800686e   0x00000064   Code   RO         5142    x$fpl$retnan        fz_ws.l(retnan.o)
    0x080068d2   0x080068d2   0x0000005c   Code   RO         4996    x$fpl$scalbn        fz_ws.l(scalbn.o)
    0x0800692e   0x0800692e   0x00000030   Code   RO         5197    x$fpl$trapveneer    fz_ws.l(trapv.o)
    0x0800695e   0x0800695e   0x00000000   Code   RO         4998    x$fpl$usenofp       fz_ws.l(usenofp.o)
    0x0800695e   0x0800695e   0x00000002   PAD
    0x08006960   0x08006960   0x00000050   Data   RO         3348    .constdata          inv_mpu.o
    0x080069b0   0x080069b0   0x00000bf6   Data   RO         3668    .constdata          inv_mpu_dmp_motion_driver.o
    0x080075a6   0x080075a6   0x000005f0   Data   RO         3931    .constdata          oled.o
    0x08007b96   0x08007b96   0x00000002   PAD
    0x08007b98   0x08007b98   0x00000050   Data   RO         4847    .constdata          m_ws.l(asin.o)
    0x08007be8   0x08007be8   0x00000098   Data   RO         5001    .constdata          m_ws.l(atan.o)
    0x08007c80   0x08007c80   0x00000008   Data   RO         5027    .constdata          m_ws.l(qnan.o)
    0x08007c88   0x08007c88   0x00000020   Data   RO         5276    Region$$Table       anon$$obj.o


    Execution Region RW_IRAM1 (Exec base: 0x20000000, Load base: 0x08007ca8, Size: 0x00000830, Max: 0x00005000, ABSOLUTE, COMPRESSED[0x0000005c])

    Exec Addr    Load Addr    Size         Type   Attr      Idx    E Section Name        Object

    0x20000000   COMPRESSED   0x00000014   Data   RW           28    .data               system_stm32f10x.o
    0x20000014   COMPRESSED   0x00000014   Data   RW         1805    .data               stm32f10x_rcc.o
    0x20000028   COMPRESSED   0x00000004   Data   RW         3199    .data               delay.o
    0x2000002c   COMPRESSED   0x00000035   Data   RW         3349    .data               inv_mpu.o
    0x20000061   COMPRESSED   0x00000003   PAD
    0x20000064   COMPRESSED   0x00000030   Data   RW         4100    .data               pid.o
    0x20000094   COMPRESSED   0x00000004   Data   RW         4507    .data               yb_protocol.o
    0x20000098   COMPRESSED   0x000000a2   Data   RW         4646    .data               main.o
    0x2000013a   COMPRESSED   0x00000002   PAD
    0x2000013c        -       0x00000010   Zero   RW         3667    .bss                inv_mpu_dmp_motion_driver.o
    0x2000014c        -       0x00000046   Zero   RW         4506    .bss                yb_protocol.o
    0x20000192   COMPRESSED   0x00000002   PAD
    0x20000194        -       0x0000003c   Zero   RW         4645    .bss                main.o
    0x200001d0        -       0x00000060   Zero   RW         5037    .bss                c_w.l(libspace.o)
    0x20000230        -       0x00000200   Zero   RW            2    HEAP                startup_stm32f10x_md.o
    0x20000430        -       0x00000400   Zero   RW            1    STACK               startup_stm32f10x_md.o


==============================================================================

Image component sizes


      Code (inc. data)   RO Data    RW Data    ZI Data      Debug   Object Name

         0          0          0          0          0       4508   core_cm3.o
       220         26          0          4          0       3627   delay.o
      6674        214         80         53          0      29838   inv_mpu.o
      3092        124       3062          0         16      20186   inv_mpu_dmp_motion_driver.o
      2040        322          0        162         60       8779   main.o
       172         22          0          0          0     205337   misc.o
       160          0          0          0          0       1807   mpu6050.o
       544         76          0          0          0       4936   mpu6050_i2c.o
       812         22       1520          0          0       7793   oled.o
       490         56          0         48          0       5650   pid.o
        64         26        236          0       1536        824   startup_stm32f10x_md.o
         0          0          0          0          0       1672   stm32f10x_adc.o
       160         12          0          0          0       3585   stm32f10x_exti.o
       360          4          0          0          0      12438   stm32f10x_gpio.o
        26          0          0          0          0       3882   stm32f10x_it.o
       276         32          0         20          0      13070   stm32f10x_rcc.o
      1576        180          0          0          0      36460   stm32f10x_tim.o
       426          6          0          0          0      11420   stm32f10x_usart.o
       196          4          0          0          0       1695   sys.o
       328         28          0         20          0      25301   system_stm32f10x.o
      1232         96          0          0          0     242814   timer.o
       360         18          0          0          0       1334   usart_car.o
         0          0          0          4         70        975   yb_protocol.o

    ----------------------------------------------------------------------
     19234       1268       4932        316       1684     647931   Object Totals
         0          0         32          0          0          0   (incl. Generated)
        26          0          2          5          2          0   (incl. Padding)

    ----------------------------------------------------------------------

      Code (inc. data)   RO Data    RW Data    ZI Data      Debug   Library Member Name

        90          0          0          0          0          0   __dczerorl2.o
         8          0          0          0          0         68   __main.o
         0          0          0          0          0          0   __rtentry.o
        12          0          0          0          0          0   __rtentry2.o
         6          0          0          0          0          0   __rtentry4.o
        52          8          0          0          0          0   __scatter.o
        28          0          0          0          0          0   __scatter_zi.o
        22          0          0          0          0        100   _rserrno.o
        16          0          0          0          0         68   aeabi_memset.o
        18          0          0          0          0         80   exit.o
         6          0          0          0          0        152   heapauxi.o
         0          0          0          0          0          0   indicate_semi.o
         2          0          0          0          0          0   libinit.o
         2          0          0          0          0          0   libinit2.o
         2          0          0          0          0          0   libshutdown.o
         2          0          0          0          0          0   libshutdown2.o
         8          4          0          0         96         68   libspace.o
        72          0          0          0          0         76   llsdiv.o
       238          0          0          0          0        100   lludivv7m.o
        88          0          0          0          0         76   memcmp.o
         8          4          0          0          0         68   rt_errno_addr_intlibspace.o
        68          0          0          0          0         68   rt_memclr.o
        78          0          0          0          0         80   rt_memclr_w.o
         2          0          0          0          0          0   rtexit.o
        10          0          0          0          0          0   rtexit2.o
        12          4          0          0          0         68   sys_exit.o
        74          0          0          0          0         80   sys_stackheap_outer.o
         2          0          0          0          0         68   use_no_semi.o
        98          4          0          0          0         92   d2f.o
       826         16          0          0          0        348   daddsub_clz.o
        16          4          0          0          0         68   dcheck1.o
       688        140          0          0          0        208   ddiv.o
       340         12          0          0          0        104   dmul.o
       156          4          0          0          0         92   dnaninf.o
        12          0          0          0          0         68   dretinf.o
       460         56          0          0          0        120   dsqrt_noumaal.o
        86          4          0          0          0         84   f2d.o
       430          8          0          0          0        168   faddsub_clz.o
        24          0          0          0          0         68   fcmpi.o
       388         76          0          0          0         96   fdiv.o
       104          4          0          0          0         84   feqf.o
        54          4          0          0          0         84   ffix.o
        62          4          0          0          0         84   ffixu.o
        86          0          0          0          0        136   fflt_clz.o
       104          4          0          0          0         84   fleqf.o
       258          4          0          0          0         84   fmul.o
       140          4          0          0          0         84   fnaninf.o
        10          0          0          0          0         68   fretinf.o
        98          0          0          0          0         68   frleqf.o
       100          0          0          0          0         68   retnan.o
        92          0          0          0          0         68   scalbn.o
        48          0          0          0          0         68   trapv.o
         0          0          0          0          0          0   usenofp.o
       624         52         80          0          0        168   asin.o
       544         70        152          0          0        124   atan.o
       384         38          0          0          0        144   atan2.o
        38          6          0          0          0        272   dunder.o
        40          0          0          0          0         68   fpclassify.o
       170          0          0          0          0         96   poly.o
         0          0          8          0          0          0   qnan.o
        76          0          0          0          0         84   sqrt.o

    ----------------------------------------------------------------------
      7506        534        240          0         96       4672   Library Totals
        24          0          0          0          0          0   (incl. Padding)

    ----------------------------------------------------------------------

      Code (inc. data)   RO Data    RW Data    ZI Data      Debug   Library Name

       926         20          0          0         96       1220   c_w.l
      4680        348          0          0          0       2496   fz_ws.l
      1876        166        240          0          0        956   m_ws.l

    ----------------------------------------------------------------------
      7506        534        240          0         96       4672   Library Totals

    ----------------------------------------------------------------------

==============================================================================


      Code (inc. data)   RO Data    RW Data    ZI Data      Debug   

     26740       1802       5172        316       1780     641419   Grand Totals
     26740       1802       5172         92       1780     641419   ELF Image Totals (compressed)
     26740       1802       5172         92          0          0   ROM Totals

==============================================================================

    Total RO  Size (Code + RO Data)                31912 (  31.16kB)
    Total RW  Size (RW Data + ZI Data)              2096 (   2.05kB)
    Total ROM Size (Code + RO Data + RW Data)      32004 (  31.25kB)

==============================================================================

